#
# A fatal error has been detected by the Java Runtime Environment:
#
#  EXCEPTION_ACCESS_VIOLATION (0xc0000005) at pc=0x00007ff9854a5a5f, pid=12652, tid=17436
#
# JRE version: OpenJDK Runtime Environment (24.0+36) (build 24+36-3646)
# Java VM: OpenJDK 64-Bit Server VM (24+36-3646, mixed mode, sharing, tiered, compressed oops, compressed class ptrs, g1 gc, windows-amd64)
# Problematic frame:
# V  [jvm.dll+0x485a5f]
#
# No core dump will be written. Minidumps are not enabled by default on client versions of Windows
#
# If you would like to submit a bug report, please visit:
#   https://bugreport.java.com/bugreport/crash.jsp
#

---------------  S U M M A R Y ------------

Command Line: --module-path=C:\javafx-sdk-20.0.2\lib --add-modules=javafx.controls,javafx.fxml,javafx.graphics --add-opens=javafx.graphics/javafx.scene=ALL-UNNAMED --enable-native-access=ALL-UNNAMED -javaagent:C:\Program Files\JetBrains\IntelliJ IDEA 2024.2.1\lib\idea_rt.jar=63817:C:\Program Files\JetBrains\IntelliJ IDEA 2024.2.1\bin -Dfile.encoding=UTF-8 -Dsun.stdout.encoding=UTF-8 -Dsun.stderr.encoding=UTF-8 Controllers.Home

Host: Intel(R) Core(TM) i5-9300H CPU @ 2.40GHz, 8 cores, 7G,  Windows 11 , 64 bit Build 22621 (10.0.22621.5124)
Time: Sun Apr 13 23:29:55 2025 Afr. centrale Ouest elapsed time: 2.285836 seconds (0d 0h 0m 2s)

---------------  T H R E A D  ---------------

Current thread (0x000001f31db4f080):  JavaThread "WindowsNativeRunloopThread"        [_thread_in_vm, id=17436, stack(0x0000007ff7600000,0x0000007ff7700000) (1024K)]

Stack: [0x0000007ff7600000,0x0000007ff7700000],  sp=0x0000007ff76ff200,  free space=1020k
Native frames: (J=compiled Java code, j=interpreted, Vv=VM code, C=native code)
V  [jvm.dll+0x485a5f]  (no source info available)
C  [glass.dll+0x50cc]  (no source info available)
C  [glass.dll+0xa6b6]  (no source info available)
C  0x000001f2ca6cce20  (no source info available)

The last pc belongs to native method entry point (kind = native) (printed below).
Java frames: (J=compiled Java code, j=interpreted, Vv=VM code)
j  com.sun.glass.ui.win.WinApplication._runLoop(Ljava/lang/Runnable;)V+0 javafx.graphics@24
j  com.sun.glass.ui.win.WinApplication.lambda$runLoop$0(ILjava/lang/Runnable;)V+8 javafx.graphics@24
j  com.sun.glass.ui.win.WinApplication$$Lambda+0x000001f2d901e010.run()V+12 javafx.graphics@24
j  java.lang.Thread.runWith(Ljava/lang/Object;Ljava/lang/Runnable;)V+5 java.base@24
j  java.lang.Thread.run()V+19 java.base@24
v  ~StubRoutines::call_stub 0x000001f2ca6c0fcd

siginfo: EXCEPTION_ACCESS_VIOLATION (0xc0000005), reading address 0x0000000000000000


Registers:
RAX=0x0000000000000000, RBX=0x000001f31db4f080, RCX=0x000001f31db4f448, RDX=0x0000007ff76ff3e8
RSP=0x0000007ff76ff200, RBP=0x0000007ff76ff308, RSI=0x0000000000000000, RDI=0x000001f31db4f448
R8 =0x0000000000000000, R9 =0x0000007ff76ff308, R10=0x0000000000000000, R11=0x0000000000000246
R12=0x0000000000000000, R13=0x000001f3194ef7b0, R14=0x0000007ff76ff3e8, R15=0x000001f31db4f080
RIP=0x00007ff9854a5a5f, EFLAGS=0x0000000000010246

XMM[0]=0x0000000000000000 0x0000000000000000
XMM[1]=0x0000000000000000 0x0000000000000000
XMM[2]=0x0000000000000000 0x0000000000000000
XMM[3]=0x0000000000000000 0x0000000000000000
XMM[4]=0x0000000000000000 0x0000000000000000
XMM[5]=0x0000000000000000 0x0000000000000000
XMM[6]=0x0000000000000000 0x0000000000000000
XMM[7]=0x0000000000000000 0x0000000000000000
XMM[8]=0x0000000000000000 0x0000000000000000
XMM[9]=0x0000000000000000 0x0000000000000000
XMM[10]=0x0000000000000000 0x0000000000000000
XMM[11]=0x0000000000000000 0x0000000000000000
XMM[12]=0x0000000000000000 0x0000000000000000
XMM[13]=0x0000000000000000 0x0000000000000000
XMM[14]=0x0000000000000000 0x0000000000000000
XMM[15]=0x0000000000000000 0x0000000000000000
  MXCSR=0x00001fa0


Register to memory mapping:

RAX=0x0 is null
RBX=0x000001f31db4f080 is a thread
RCX=0x000001f31db4f448 points into unknown readable memory: 0x00007ff985c517b0 | b0 17 c5 85 f9 7f 00 00
RDX=0x0000007ff76ff3e8 is pointing into the stack for thread: 0x000001f31db4f080
RSP=0x0000007ff76ff200 is pointing into the stack for thread: 0x000001f31db4f080
RBP=0x0000007ff76ff308 is pointing into the stack for thread: 0x000001f31db4f080
RSI=0x0 is null
RDI=0x000001f31db4f448 points into unknown readable memory: 0x00007ff985c517b0 | b0 17 c5 85 f9 7f 00 00
R8 =0x0 is null
R9 =0x0000007ff76ff308 is pointing into the stack for thread: 0x000001f31db4f080
R10=0x0 is null
R11=0x0000000000000246 is an unknown value
R12=0x0 is null
R13={method} {0x000001f3194ef7b8} '_runLoop' '(Ljava/lang/Runnable;)V' in 'com/sun/glass/ui/win/WinApplication'
R14=0x0000007ff76ff3e8 is pointing into the stack for thread: 0x000001f31db4f080
R15=0x000001f31db4f080 is a thread

Top of Stack: (sp=0x0000007ff76ff200)
0x0000007ff76ff200:   0000007ff76ff210 0000000000000001   ..o.............
0x0000007ff76ff210:   0000000000000000 0000007ff76ff228   ........(.o.....
0x0000007ff76ff220:   0000d3291670cff5 0000000000320030   ..p.)...0.2.....
0x0000007ff76ff230:   00007ff9e02feef0 00007ff9de6b99d1   ../.......k.....
0x0000007ff76ff240:   0000007ff76ff2f8 0000000000000000   ..o.............
0x0000007ff76ff250:   000001f31db4f080 0000000000000000   ................
0x0000007ff76ff260:   0000000000000000 00007ff9e03232f0   .........22.....
0x0000007ff76ff270:   000001f31d9e9300 00007ff9e05c940f   ..........\.....
0x0000007ff76ff280:   0000000000180016 00007ff9e02fee48   ........H./.....
0x0000007ff76ff290:   0000007ff76ff280 0000000000000000   ..o.............
0x0000007ff76ff2a0:   000001f31db4f080 0000007ff76ff3f0   ..........o.....
0x0000007ff76ff2b0:   000001f31db4f448 00007ff993d350cc   H........P......
0x0000007ff76ff2c0:   0000000000000000 0000007ff76ff3c8   ..........o.....
0x0000007ff76ff2d0:   0000007ff76ff3e8 000001f31db4f448   ..o.....H.......
0x0000007ff76ff2e0:   0000007ff76ff3e8 00007ff993d3a6b6   ..o.............
0x0000007ff76ff2f0:   000001f3194ef7b0 000001f300000000   ..N.............
0x0000007ff76ff300:   0000000000000000 0000000000000000   ................
0x0000007ff76ff310:   000001f2ca6c88f6 000001f2ca6ccc84   ..l.......l.....
0x0000007ff76ff320:   000001f3194ef7b0 000001f3194ef7b0   ..N.......N.....
0x0000007ff76ff330:   000001f3194ef7b0 0000000000000000   ..N.............
0x0000007ff76ff340:   000001f2ca6c88f6 000001f2ca6cce20   ..l..... .l.....
0x0000007ff76ff350:   000001f3194ef7b0 000001f2ca6cbb40   ..N.....@.l.....
0x0000007ff76ff360:   3ff0000000000000 000001f31db4f080   .......?........
0x0000007ff76ff370:   000001f2ca6cbb40 000001f2ca6ccafb   @.l.......l.....
0x0000007ff76ff380:   fffffffffffffff7 000001f3194ef7b0   ..........N.....
0x0000007ff76ff390:   0000000000000005 000001f319616bf8   .........ka.....
0x0000007ff76ff3a0:   0000000000000000 00000000887e3a20   ........ :~.....
0x0000007ff76ff3b0:   000001f3194ef7b0 0000000000000000   ..N.............
0x0000007ff76ff3c0:   0000007ff76ff3e8 0000007ff76ff440   ..o.....@.o.....
0x0000007ff76ff3d0:   000001f2ca6c8800 0000000000000000   ..l.............
0x0000007ff76ff3e0:   000001f2ca6ca437 000000008829df38   7.l.....8.).....
0x0000007ff76ff3f0:   00000000882951f0 fffffffffffffff7   .Q).............

Instructions: (pc=0x00007ff9854a5a5f)
  0x00007ff9854a595f:   ff 48 8b 4b 08 48 8b 43 10 48 89 41 18 48 8b 4b
  0x00007ff9854a596f:   08 48 8b 43 18 48 89 41 20 48 8b 4b 08 48 8b 43
  0x00007ff9854a597f:   20 48 89 41 28 48 8d 8f a8 03 00 00 e8 90 2a ec
  0x00007ff9854a598f:   ff 90 c7 87 54 04 00 00 04 00 00 00 48 81 c4 b8
  0x00007ff9854a599f:   00 00 00 41 5f 41 5e 5f 5e 5d 5b c3 cc cc cc cc
  0x00007ff9854a59af:   cc 48 89 5c 24 08 48 89 6c 24 10 48 89 74 24 18
  0x00007ff9854a59bf:   57 41 56 41 57 48 81 ec a0 00 00 00 8b 81 a0 00
  0x00007ff9854a59cf:   00 00 48 8d 99 38 fc ff ff 05 53 21 ff ff 49 8b
  0x00007ff9854a59df:   e9 49 8b f0 4c 8b f2 48 8b f9 83 f8 01 77 08 48
  0x00007ff9854a59ef:   8b cb e8 ba 5e fa ff 80 3d 0a 1d 81 00 00 c7 83
  0x00007ff9854a59ff:   54 04 00 00 06 00 00 00 75 06 e8 62 a2 29 00 90
  0x00007ff9854a5a0f:   48 8b 43 28 a8 01 74 0d 45 33 c0 b2 01 48 8b cb
  0x00007ff9854a5a1f:   e8 bc 04 31 00 8b 83 50 04 00 00 a8 0c 74 08 48
  0x00007ff9854a5a2f:   8b cb e8 ca 77 fa ff c7 83 54 04 00 00 06 00 00
  0x00007ff9854a5a3f:   00 48 83 7b 08 00 48 89 5c 24 50 48 c7 44 24 58
  0x00007ff9854a5a4f:   00 00 00 00 74 0a 48 8d 4c 24 50 e8 b1 9d 2d 00
=>0x00007ff9854a5a5f:   48 8b 16 48 8d 4c 24 70 c6 44 24 40 0e e8 9f 03
  0x00007ff9854a5a6f:   01 00 48 8d 44 24 70 48 89 5c 24 30 48 89 44 24
  0x00007ff9854a5a7f:   28 4c 8d 3d 21 34 5d 00 41 b9 01 00 00 00 48 89
  0x00007ff9854a5a8f:   74 24 20 4d 8b c6 4c 89 7c 24 70 48 8d 54 24 40
  0x00007ff9854a5a9f:   48 89 ac 24 98 00 00 00 48 8b cf e8 21 13 01 00
  0x00007ff9854a5aaf:   48 83 7c 24 58 00 4c 89 7c 24 70 48 c7 84 24 98
  0x00007ff9854a5abf:   00 00 00 00 00 00 00 74 0a 48 8d 4c 24 50 e8 be
  0x00007ff9854a5acf:   9d 2d 00 48 8b bb a8 01 00 00 48 8b 47 10 48 83
  0x00007ff9854a5adf:   38 00 74 08 48 8b cf e8 15 34 f5 ff 48 8b 4f 08
  0x00007ff9854a5aef:   48 8b 47 10 48 89 41 18 48 8b 4f 08 48 8b 47 18
  0x00007ff9854a5aff:   48 89 41 20 48 8b 4f 08 48 8b 47 20 48 89 41 28
  0x00007ff9854a5b0f:   48 8d 8b a8 03 00 00 e8 05 29 ec ff 4c 8d 9c 24
  0x00007ff9854a5b1f:   a0 00 00 00 90 49 8b 6b 28 49 8b 73 30 c7 83 54
  0x00007ff9854a5b2f:   04 00 00 04 00 00 00 49 8b 5b 20 49 8b e3 41 5f
  0x00007ff9854a5b3f:   41 5e 5f c3 cc cc cc cc cc cc cc cc cc cc cc cc
  0x00007ff9854a5b4f:   cc 48 89 5c 24 08 48 89 6c 24 10 48 89 74 24 18


Stack slot to memory mapping:

stack at sp + 0 slots: 0x0000007ff76ff210 is pointing into the stack for thread: 0x000001f31db4f080
stack at sp + 1 slots: 0x0000000000000001 is an unknown value
stack at sp + 2 slots: 0x0 is null
stack at sp + 3 slots: 0x0000007ff76ff228 is pointing into the stack for thread: 0x000001f31db4f080
stack at sp + 4 slots: 0x0000d3291670cff5 is an unknown value
stack at sp + 5 slots: 0x0000000000320030 is an unknown value
stack at sp + 6 slots: 0x00007ff9e02feef0 ole32.dll
stack at sp + 7 slots: 0x00007ff9de6b99d1 KERNELBASE.dll

Lock stack of current Java thread (top to bottom):

native method entry point (kind = native)  [0x000001f2ca6cca40, 0x000001f2ca6cd478]  2616 bytes
[MachCode]
  0x000001f2ca6cca40: 488b 4b08 | 0fb7 492e | 584c 8d74 | ccf8 6800 | 0000 0068 | 0000 0000 | 5055 488b | ec41 5568 
  0x000001f2ca6cca60: 0000 0000 | 4c8b 6b08 | 4d8d 6d38 | 5348 8b53 | 0848 8b52 | 0848 8b52 | 1848 8b52 | 7048 8b12 
  0x000001f2ca6cca80: 5248 8b53 | 1048 85d2 | 0f84 0700 | 0000 4881 | c208 0100 | 0052 488b | 5308 488b | 5208 488b 
  0x000001f2ca6ccaa0: 5210 5249 | 8bc6 482b | c548 c1e8 | 0350 6800 | 0000 0068 | f7ff ffff | 41c6 8771 | 0400 0001 
  0x000001f2ca6ccac0: 488b 4310 | 4885 c074 | 208b 88cc | 0000 0083 | c102 8988 | cc00 0000 | 2388 e000 | 0000 0f84 
  0x000001f2ca6ccae0: e408 0000 | e9cd 0000 | 0048 8b43 | 1848 85c0 | 0f85 b000 | 0000 e805 | 0000 00e9 | 9900 0000 
  0x000001f2ca6ccb00: 488b d348 | 8d44 2408 | 4c89 6dc0 | 498b cfc5 | f877 4989 | afb8 0300 | 0049 8987 | a803 0000 
  0x000001f2ca6ccb20: 4883 ec20 | 40f6 c40f | 0f84 1900 | 0000 4883 | ec08 48b8 | 0031 4385 | f97f 0000 | ffd0 4883 
  0x000001f2ca6ccb40: c408 e90c | 0000 0048 | b800 3143 | 85f9 7f00 | 00ff d048 | 83c4 2049 | c787 a803 | 0000 0000 
  0x000001f2ca6ccb60: 0000 49c7 | 87b8 0300 | 0000 0000 | 0049 c787 | b003 0000 | 0000 0000 | c5f8 7749 | 837f 0800 
  0x000001f2ca6ccb80: 0f84 0500 | 0000 e935 | 43ff ff4c | 8b6d c04c | 8b75 c84e | 8d74 f500 | c348 8b43 | 1848 85c0 
  0x000001f2ca6ccba0: 0f84 1000 | 0000 8b08 | 83c1 0289 | 0823 4814 | 0f84 1208 | 0000 493b | a7f0 0400 | 000f 8748 
  0x000001f2ca6ccbc0: 0000 0089 | 8424 00f0 | ffff 8984 | 2400 e0ff | ff89 8424 | 00d0 ffff | 8984 2400 | c0ff ff89 
  0x000001f2ca6ccbe0: 8424 00b0 | ffff 8984 | 2400 a0ff | ff89 8424 | 0090 ffff | 8984 2400 | 80ff ff49 | 3ba7 e804 
  0x000001f2ca6ccc00: 0000 7607 | 4989 a7f0 | 0400 0041 | c687 7104 | 0000 0048 | 8b5d e84c | 8b5b 0845 | 0fb7 5b2e 
  0x000001f2ca6ccc20: 41c1 e303 | 492b e348 | 83ec 2048 | 83e4 f04c | 8b5b 604d | 85db 0f85 | ab00 0000 | e805 0000 
  0x000001f2ca6ccc40: 00e9 9900 | 0000 488b | d348 8d44 | 2408 4c89 | 6dc0 498b | cfc5 f877 | 4989 afb8 | 0300 0049 
  0x000001f2ca6ccc60: 8987 a803 | 0000 4883 | ec20 40f6 | c40f 0f84 | 1900 0000 | 4883 ec08 | 48b8 405b | 4385 f97f 
  0x000001f2ca6ccc80: 0000 ffd0 | 4883 c408 | e90c 0000 | 0048 b840 | 5b43 85f9 | 7f00 00ff | d048 83c4 | 2049 c787 
  0x000001f2ca6ccca0: a803 0000 | 0000 0000 | 49c7 87b8 | 0300 0000 | 0000 0049 | c787 b003 | 0000 0000 | 0000 c5f8 
  0x000001f2ca6cccc0: 7749 837f | 0800 0f84 | 0500 0000 | e9ef 41ff | ff4c 8b6d | c04c 8b75 | c84e 8d74 | f500 c348 
  0x000001f2ca6ccce0: 8b5d e84c | 8b5b 6041 | ffd3 488b | 5de8 4889 | 4518 448b | 5b28 41f6 | c308 0f84 | 1b00 0000 
  0x000001f2ca6ccd00: 4c8b 5b08 | 4d8b 5b08 | 4d8b 5b18 | 4d8b 5b70 | 4d8b 1b4c | 895d 1048 | 8d55 1048 | 8b43 5849 
  0x000001f2ca6ccd20: bad0 717c | 85f9 7f00 | 0049 3bc2 | 0f85 ab00 | 0000 e805 | 0000 00e9 | 9900 0000 | 488b d348 
  0x000001f2ca6ccd40: 8d44 2408 | 4c89 6dc0 | 498b cfc5 | f877 4989 | afb8 0300 | 0049 8987 | a803 0000 | 4883 ec20 
  0x000001f2ca6ccd60: 40f6 c40f | 0f84 1900 | 0000 4883 | ec08 48b8 | 405b 4385 | f97f 0000 | ffd0 4883 | c408 e90c 
  0x000001f2ca6ccd80: 0000 0048 | b840 5b43 | 85f9 7f00 | 00ff d048 | 83c4 2049 | c787 a803 | 0000 0000 | 0000 49c7 
  0x000001f2ca6ccda0: 87b8 0300 | 0000 0000 | 0049 c787 | b003 0000 | 0000 0000 | c5f8 7749 | 837f 0800 | 0f84 0500 
  0x000001f2ca6ccdc0: 0000 e9f9 | 40ff ff4c | 8b6d c04c | 8b75 c84e | 8d74 f500 | c348 8b5d | e848 8b43 | 5849 8d8f 
  0x000001f2ca6ccde0: c803 0000 | 4c8d 15d5 | 0000 004d | 8997 b003 | 0000 c5f8 | 7749 89af | b803 0000 | 4989 a7a8 
  0x000001f2ca6cce00: 0300 0041 | c787 5404 | 0000 0400 | 0000 493b | a748 0500 | 0076 0749 | 89a7 4805 | 0000 ffd0 
  0x000001f2ca6cce20: 493b a748 | 0500 0072 | 0b49 c787 | 4805 0000 | 0000 0000 | c5f8 7748 | 83ec 10c5 | fb11 0424 
  0x000001f2ca6cce40: 4883 ec10 | 4889 0424 | 48c7 4424 | 0800 0000 | 0041 c787 | 5404 0000 | 0500 0000 | f083 4424 
  0x000001f2ca6cce60: c000 493b | 6f28 0f87 | 0e00 0000 | 4183 bf50 | 0400 0000 | 0f84 2000 | 0000 498b | cf4c 8be4 
  0x000001f2ca6cce80: 4883 ec20 | 4883 e4f0 | 48b8 c0ba | 4485 f97f | 0000 ffd0 | 498b e44d | 33e4 41c7 | 8754 0400 
  0x000001f2ca6ccea0: 0008 0000 | 004d 8b97 | 7005 0000 | 4983 fa00 | 7435 49c7 | 8770 0500 | 0000 0000 | 0041 ffe2 
  0x000001f2ca6ccec0: 49ba 00bb | 6cca f201 | 0000 41ff | d248 83ec | 10c5 fb11 | 0424 4883 | ec10 4889 | 0424 48c7 
  0x000001f2ca6ccee0: 4424 0800 | 0000 0049 | c787 a803 | 0000 0000 | 0000 49c7 | 87b8 0300 | 0000 0000 | 0049 c787 
  0x000001f2ca6ccf00: b003 0000 | 0000 0000 | c5f8 774d | 8b9f 3804 | 0000 41c7 | 8300 0100 | 0000 0000 | 0049 bb3a 
  0x000001f2ca6ccf20: a46c caf2 | 0100 004c | 3b5d 180f | 8555 0100 | 0048 8b04 | 2448 83c4 | 1048 85c0 | 0f84 2f01 
  0x000001f2ca6ccf40: 0000 a803 | 0f85 0800 | 0000 488b | 00e9 1f01 | 0000 a801 | 0f85 0900 | 0000 488b | 40fe e90e 
  0x000001f2ca6ccf60: 0100 0048 | 8b40 ff41 | 807f 4800 | 0f84 ff00 | 0000 4883 | f800 0f84 | f500 0000 | 4d8b 5f38 
  0x000001f2ca6ccf80: 4d85 db0f | 8414 0000 | 0049 83eb | 084d 895f | 384d 035f | 4049 8903 | e9d4 0000 | 0048 83ec 
  0x000001f2ca6ccfa0: 7048 8904 | 2448 894c | 2408 4889 | 5424 104c | 8944 2418 | 4c89 4c24 | 204c 8954 | 2428 4c89 
  0x000001f2ca6ccfc0: 5c24 30c5 | fb11 4424 | 40c5 fb11 | 4c24 48c5 | fb11 5424 | 50c5 fb11 | 5c24 58c5 | fb11 6424 
  0x000001f2ca6ccfe0: 60c5 fb11 | 6c24 6849 | 8bd7 488b | c848 83ec | 2040 f6c4 | 0f0f 8419 | 0000 0048 | 83ec 0848 
  0x000001f2ca6cd000: b830 4a37 | 85f9 7f00 | 00ff d048 | 83c4 08e9 | 0c00 0000 | 48b8 304a | 3785 f97f | 0000 ffd0 
  0x000001f2ca6cd020: 4883 c420 | c5fb 106c | 2468 c5fb | 1064 2460 | c5fb 105c | 2458 c5fb | 1054 2450 | c5fb 104c 
  0x000001f2ca6cd040: 2448 c5fb | 1044 2440 | 4c8b 5c24 | 304c 8b54 | 2428 4c8b | 4c24 204c | 8b44 2418 | 488b 5424 
  0x000001f2ca6cd060: 1048 8b4c | 2408 488b | 0424 4883 | c470 c5f8 | 7748 8945 | 1048 83ec | 1048 8904 | 2448 c744 
  0x000001f2ca6cd080: 2408 0000 | 0000 4183 | bfd0 0400 | 0002 0f85 | bf00 0000 | 4881 ec80 | 0000 0048 | 8944 2478 
  0x000001f2ca6cd0a0: 4889 4c24 | 7048 8954 | 2468 4889 | 5c24 6048 | 896c 2450 | 4889 7424 | 4848 897c | 2440 4c89 
  0x000001f2ca6cd0c0: 4424 384c | 894c 2430 | 4c89 5424 | 284c 895c | 2420 4c89 | 6424 184c | 896c 2410 | 4c89 7424 
  0x000001f2ca6cd0e0: 084c 893c | 244c 8be4 | 4883 ec20 | 4883 e4f0 | 48b8 6058 | 7c85 f97f | 0000 ffd0 | 498b e44c 
  0x000001f2ca6cd100: 8b3c 244c | 8b74 2408 | 4c8b 6c24 | 104c 8b64 | 2418 4c8b | 5c24 204c | 8b54 2428 | 4c8b 4c24 
  0x000001f2ca6cd120: 304c 8b44 | 2438 488b | 7c24 4048 | 8b74 2448 | 488b 6c24 | 5048 8b5c | 2460 488b | 5424 6848 
  0x000001f2ca6cd140: 8b4c 2470 | 488b 4424 | 7848 81c4 | 8000 0000 | 4d33 e448 | 8b5d e84c | 8b6b 084d | 8d6d 3849 
  0x000001f2ca6cd160: 837f 0800 | 0f84 bb00 | 0000 e805 | 0000 00e9 | 9600 0000 | 488d 4424 | 084c 896d | c049 8bcf 
  0x000001f2ca6cd180: c5f8 7749 | 89af b803 | 0000 4989 | 87a8 0300 | 0048 83ec | 2040 f6c4 | 0f0f 8419 | 0000 0048 
  0x000001f2ca6cd1a0: 83ec 0848 | b8e0 7943 | 85f9 7f00 | 00ff d048 | 83c4 08e9 | 0c00 0000 | 48b8 e079 | 4385 f97f 
  0x000001f2ca6cd1c0: 0000 ffd0 | 4883 c420 | 49c7 87a8 | 0300 0000 | 0000 0049 | c787 b803 | 0000 0000 | 0000 49c7 
  0x000001f2ca6cd1e0: 87b0 0300 | 0000 0000 | 00c5 f877 | 4983 7f08 | 000f 8405 | 0000 00e9 | c43c ffff | 4c8b 6dc0 
  0x000001f2ca6cd200: 4c8b 75c8 | 4e8d 74f5 | 00c3 48b9 | f8eb a285 | f97f 0000 | 4883 e4f0 | 48b8 b0a9 | 6985 f97f 
  0x000001f2ca6cd220: 0000 ffd0 | f444 8b5b | 2841 f6c3 | 200f 8472 | 0100 0048 | 8d55 a84c | 8b5a 084d | 85db 0f85 
  0x000001f2ca6cd240: bb00 0000 | e805 0000 | 00e9 9600 | 0000 488d | 4424 084c | 896d c049 | 8bcf c5f8 | 7749 89af 
  0x000001f2ca6cd260: b803 0000 | 4989 87a8 | 0300 0048 | 83ec 2040 | f6c4 0f0f | 8419 0000 | 0048 83ec | 0848 b810 
  0x000001f2ca6cd280: 7943 85f9 | 7f00 00ff | d048 83c4 | 08e9 0c00 | 0000 48b8 | 1079 4385 | f97f 0000 | ffd0 4883 
  0x000001f2ca6cd2a0: c420 49c7 | 87a8 0300 | 0000 0000 | 0049 c787 | b803 0000 | 0000 0000 | 49c7 87b0 | 0300 0000 
  0x000001f2ca6cd2c0: 0000 00c5 | f877 4983 | 7f08 000f | 8405 0000 | 00e9 ea3b | ffff 4c8b | 6dc0 4c8b | 75c8 4e8d 
  0x000001f2ca6cd2e0: 74f5 00c3 | 48b9 f8eb | a285 f97f | 0000 4883 | e4f0 48b8 | b0a9 6985 | f97f 0000 | ffd0 f44c 
  0x000001f2ca6cd300: 896d c04c | 8b4a 0848 | c742 0800 | 0000 0045 | 8b87 5806 | 0000 4f3b | 4c07 f80f | 8542 0000 
  0x000001f2ca6cd320: 0041 83af | 5806 0000 | 084f 3b4c | 07f0 0f84 | 2a00 0000 | 498b 01a8 | 020f 8512 | 0000 004c 
  0x000001f2ca6cd340: 8bc0 4983 | c801 f04d | 0fb1 010f | 840d 0000 | 0041 8387 | 5806 0000 | 08e9 0500 | 0000 e93e 
  0x000001f2ca6cd360: 0000 004c | 894a 0848 | 8bca 4883 | ec20 40f6 | c40f 0f84 | 1900 0000 | 4883 ec08 | 48b8 304b 
  0x000001f2ca6cd380: 4385 f97f | 0000 ffd0 | 4883 c408 | e90c 0000 | 0048 b830 | 4b43 85f9 | 7f00 00ff | d048 83c4 
  0x000001f2ca6cd3a0: 204c 8b6d | c048 8b04 | 2448 83c4 | 10c5 fb10 | 0424 4883 | c410 4c8b | 5d18 41ff | d34c 8b5d 
  0x000001f2ca6cd3c0: f8c9 5f49 | 8be3 ffe7 | ba00 0000 | 00e8 0500 | 0000 e996 | 0000 0048 | 8d44 2408 | 4c89 6dc0 
  0x000001f2ca6cd3e0: 498b cfc5 | f877 4989 | afb8 0300 | 0049 8987 | a803 0000 | 4883 ec20 | 40f6 c40f | 0f84 1900 
  0x000001f2ca6cd400: 0000 4883 | ec08 48b8 | d03f 4385 | f97f 0000 | ffd0 4883 | c408 e90c | 0000 0048 | b8d0 3f43 
  0x000001f2ca6cd420: 85f9 7f00 | 00ff d048 | 83c4 2049 | c787 a803 | 0000 0000 | 0000 49c7 | 87b8 0300 | 0000 0000 
  0x000001f2ca6cd440: 0049 c787 | b003 0000 | 0000 0000 | c5f8 7749 | 837f 0800 | 0f84 0500 | 0000 e961 | 3aff ff4c 
  0x000001f2ca6cd460: 8b6d c04c | 8b75 c84e | 8d74 f500 | c348 8b5d | e8e9 40f7 | ffff 6690 
[/MachCode]

---------------  P R O C E S S  ---------------

Threads class SMR info:
_java_thread_list=0x000001f31daac590, length=20, elements={
0x000001f2b8cc65e0, 0x000001f2d7e177d0, 0x000001f2d7e183d0, 0x000001f2d7e1c7f0,
0x000001f2d7e1d580, 0x000001f2d7e22b70, 0x000001f2d7e236a0, 0x000001f2d7e20aa0,
0x000001f2d7e21620, 0x000001f31d06b870, 0x000001f31d076df0, 0x000001f31d170e50,
0x000001f31d421450, 0x000001f31d9890b0, 0x000001f31d93ab10, 0x000001f31db4f080,
0x000001f31da94010, 0x000001f31e440a80, 0x000001f31db59060, 0x000001f31daaedc0
}

Java Threads: ( => current thread )
  0x000001f2b8cc65e0 JavaThread "main"                              [_thread_blocked, id=19760, stack(0x0000007ff6000000,0x0000007ff6100000) (1024K)]
  0x000001f2d7e177d0 JavaThread "Reference Handler"          daemon [_thread_blocked, id=15852, stack(0x0000007ff6800000,0x0000007ff6900000) (1024K)]
  0x000001f2d7e183d0 JavaThread "Finalizer"                  daemon [_thread_blocked, id=14880, stack(0x0000007ff6900000,0x0000007ff6a00000) (1024K)]
  0x000001f2d7e1c7f0 JavaThread "Signal Dispatcher"          daemon [_thread_blocked, id=19084, stack(0x0000007ff6a00000,0x0000007ff6b00000) (1024K)]
  0x000001f2d7e1d580 JavaThread "Attach Listener"            daemon [_thread_blocked, id=11604, stack(0x0000007ff6b00000,0x0000007ff6c00000) (1024K)]
  0x000001f2d7e22b70 JavaThread "Service Thread"             daemon [_thread_blocked, id=16628, stack(0x0000007ff6c00000,0x0000007ff6d00000) (1024K)]
  0x000001f2d7e236a0 JavaThread "Monitor Deflation Thread"   daemon [_thread_blocked, id=17308, stack(0x0000007ff6d00000,0x0000007ff6e00000) (1024K)]
  0x000001f2d7e20aa0 JavaThread "C2 CompilerThread0"         daemon [_thread_blocked, id=19020, stack(0x0000007ff6e00000,0x0000007ff6f00000) (1024K)]
  0x000001f2d7e21620 JavaThread "C1 CompilerThread0"         daemon [_thread_blocked, id=17804, stack(0x0000007ff6f00000,0x0000007ff7000000) (1024K)]
  0x000001f31d06b870 JavaThread "Common-Cleaner"             daemon [_thread_blocked, id=4456, stack(0x0000007ff7000000,0x0000007ff7100000) (1024K)]
  0x000001f31d076df0 JavaThread "C2 CompilerThread1"         daemon [_thread_blocked, id=19676, stack(0x0000007ff7100000,0x0000007ff7200000) (1024K)]
  0x000001f31d170e50 JavaThread "Monitor Ctrl-Break"         daemon [_thread_in_native, id=16532, stack(0x0000007ff7200000,0x0000007ff7300000) (1024K)]
  0x000001f31d421450 JavaThread "Notification Thread"        daemon [_thread_blocked, id=16592, stack(0x0000007ff7300000,0x0000007ff7400000) (1024K)]
  0x000001f31d9890b0 JavaThread "QuantumRenderer-0"          daemon [_thread_blocked, id=21536, stack(0x0000007ff7400000,0x0000007ff7500000) (1024K)]
  0x000001f31d93ab10 JavaThread "InvokeLaterDispatcher"      daemon [_thread_blocked, id=12104, stack(0x0000007ff7500000,0x0000007ff7600000) (1024K)]
=>0x000001f31db4f080 JavaThread "WindowsNativeRunloopThread"        [_thread_in_vm, id=17436, stack(0x0000007ff7600000,0x0000007ff7700000) (1024K)]
  0x000001f31da94010 JavaThread "RMI TCP Accept-0"           daemon [_thread_in_native, id=22328, stack(0x0000007ff7700000,0x0000007ff7800000) (1024K)]
  0x000001f31e440a80 JavaThread "RMI TCP Connection(1)-192.168.56.1" daemon [_thread_blocked, id=20988, stack(0x0000007ff7800000,0x0000007ff7900000) (1024K)]
  0x000001f31db59060 JavaThread "RMI Scheduler(0)"           daemon [_thread_blocked, id=16480, stack(0x0000007ff7900000,0x0000007ff7a00000) (1024K)]
  0x000001f31daaedc0 JavaThread "JMX server connection timeout 35" daemon [_thread_blocked, id=14724, stack(0x0000007ff7a00000,0x0000007ff7b00000) (1024K)]
Total: 20

Other Threads:
  0x000001f2d7e06aa0 VMThread "VM Thread"                           [id=15064, stack(0x0000007ff6700000,0x0000007ff6800000) (1024K)] _threads_hazard_ptr=0x000001f31daac590
  0x000001f2d7cc2e10 WatcherThread "VM Periodic Task Thread"        [id=20596, stack(0x0000007ff6600000,0x0000007ff6700000) (1024K)]
  0x000001f2b8eb4410 WorkerThread "GC Thread#0"                     [id=20536, stack(0x0000007ff6100000,0x0000007ff6200000) (1024K)]
  0x000001f2b8ec8f50 ConcurrentGCThread "G1 Main Marker"            [id=2464, stack(0x0000007ff6200000,0x0000007ff6300000) (1024K)]
  0x000001f2b8ecad20 WorkerThread "G1 Conc#0"                       [id=12784, stack(0x0000007ff6300000,0x0000007ff6400000) (1024K)]
  0x000001f2d7cb8990 ConcurrentGCThread "G1 Refine#0"               [id=15520, stack(0x0000007ff6400000,0x0000007ff6500000) (1024K)]
  0x000001f2d7cb9320 ConcurrentGCThread "G1 Service"                [id=15404, stack(0x0000007ff6500000,0x0000007ff6600000) (1024K)]
Total: 7

Threads with active compile tasks:
Total: 0

VM state: not at safepoint (normal execution)

VM Mutex/Monitor currently owned by a thread: None

Heap address: 0x0000000082400000, size: 2012 MB, Compressed Oops mode: 32-bit

CDS archive(s) mapped at: [0x000001f2d8000000-0x000001f2d8d40000-0x000001f2d8d40000), size 13893632, SharedBaseAddress: 0x000001f2d8000000, ArchiveRelocationMode: 1.
Compressed class space mapped at: 0x000001f2d9000000-0x000001f319000000, reserved size: 1073741824
UseCompressedClassPointers 1, UseCompactObjectHeaders 0
Narrow klass pointer bits 32, Max shift 3
Narrow klass base: 0x000001f2d8000000, Narrow klass shift: 0
Encoding Range: [0x000001f2d8000000 - 0x000001f3d8000000), (4294967296 bytes)
Klass Range:    [0x000001f2d8000000 - 0x000001f319000000), (1090519040 bytes)
Klass ID Range:  [8 - 1090519033) (1090519025)

GC Precious Log:
 CardTable entry size: 512
 Card Set container configuration: InlinePtr #cards 5 size 8 Array Of Cards #cards 10 size 36 Howl #buckets 4 coarsen threshold 1843 Howl Bitmap #cards 512 size 80 coarsen threshold 460 Card regions per heap region 1 cards per card region 2048
 CPUs: 8 total, 8 available
 Memory: 8044M
 Large Page Support: Disabled
 NUMA Support: Disabled
 Compressed Oops: Enabled (32-bit)
 Heap Region Size: 1M
 Heap Min Capacity: 8M
 Heap Initial Capacity: 126M
 Heap Max Capacity: 2012M
 Pre-touch: Disabled
 Parallel Workers: 8
 Concurrent Workers: 2
 Concurrent Refinement Workers: 8
 Periodic GC: Disabled

Heap:
 garbage-first heap   total reserved 2060288K, committed 131072K, used 38000K [0x0000000082400000, 0x0000000100000000)
  region size 1024K, 37 young (37888K), 0 survivors (0K)
 Metaspace       used 7504K, committed 7744K, reserved 1114112K
  class space    used 640K, committed 768K, reserved 1048576K

Heap Regions: E=young(eden), S=young(survivor), O=old, HS=humongous(starts), HC=humongous(continues), CS=collection set, F=free, TAMS=top-at-mark-start, PB=parsable bottom
|   0|0x0000000082400000, 0x0000000082400000, 0x0000000082500000|  0%| F|  |TAMS 0x0000000082400000| PB 0x0000000082400000| Untracked |  0
|   1|0x0000000082500000, 0x0000000082500000, 0x0000000082600000|  0%| F|  |TAMS 0x0000000082500000| PB 0x0000000082500000| Untracked |  0
|   2|0x0000000082600000, 0x0000000082600000, 0x0000000082700000|  0%| F|  |TAMS 0x0000000082600000| PB 0x0000000082600000| Untracked |  0
|   3|0x0000000082700000, 0x0000000082700000, 0x0000000082800000|  0%| F|  |TAMS 0x0000000082700000| PB 0x0000000082700000| Untracked |  0
|   4|0x0000000082800000, 0x0000000082800000, 0x0000000082900000|  0%| F|  |TAMS 0x0000000082800000| PB 0x0000000082800000| Untracked |  0
|   5|0x0000000082900000, 0x0000000082900000, 0x0000000082a00000|  0%| F|  |TAMS 0x0000000082900000| PB 0x0000000082900000| Untracked |  0
|   6|0x0000000082a00000, 0x0000000082a00000, 0x0000000082b00000|  0%| F|  |TAMS 0x0000000082a00000| PB 0x0000000082a00000| Untracked |  0
|   7|0x0000000082b00000, 0x0000000082b00000, 0x0000000082c00000|  0%| F|  |TAMS 0x0000000082b00000| PB 0x0000000082b00000| Untracked |  0
|   8|0x0000000082c00000, 0x0000000082c00000, 0x0000000082d00000|  0%| F|  |TAMS 0x0000000082c00000| PB 0x0000000082c00000| Untracked |  0
|   9|0x0000000082d00000, 0x0000000082d00000, 0x0000000082e00000|  0%| F|  |TAMS 0x0000000082d00000| PB 0x0000000082d00000| Untracked |  0
|  10|0x0000000082e00000, 0x0000000082e00000, 0x0000000082f00000|  0%| F|  |TAMS 0x0000000082e00000| PB 0x0000000082e00000| Untracked |  0
|  11|0x0000000082f00000, 0x0000000082f00000, 0x0000000083000000|  0%| F|  |TAMS 0x0000000082f00000| PB 0x0000000082f00000| Untracked |  0
|  12|0x0000000083000000, 0x0000000083000000, 0x0000000083100000|  0%| F|  |TAMS 0x0000000083000000| PB 0x0000000083000000| Untracked |  0
|  13|0x0000000083100000, 0x0000000083100000, 0x0000000083200000|  0%| F|  |TAMS 0x0000000083100000| PB 0x0000000083100000| Untracked |  0
|  14|0x0000000083200000, 0x0000000083200000, 0x0000000083300000|  0%| F|  |TAMS 0x0000000083200000| PB 0x0000000083200000| Untracked |  0
|  15|0x0000000083300000, 0x0000000083300000, 0x0000000083400000|  0%| F|  |TAMS 0x0000000083300000| PB 0x0000000083300000| Untracked |  0
|  16|0x0000000083400000, 0x0000000083400000, 0x0000000083500000|  0%| F|  |TAMS 0x0000000083400000| PB 0x0000000083400000| Untracked |  0
|  17|0x0000000083500000, 0x0000000083500000, 0x0000000083600000|  0%| F|  |TAMS 0x0000000083500000| PB 0x0000000083500000| Untracked |  0
|  18|0x0000000083600000, 0x0000000083600000, 0x0000000083700000|  0%| F|  |TAMS 0x0000000083600000| PB 0x0000000083600000| Untracked |  0
|  19|0x0000000083700000, 0x0000000083700000, 0x0000000083800000|  0%| F|  |TAMS 0x0000000083700000| PB 0x0000000083700000| Untracked |  0
|  20|0x0000000083800000, 0x0000000083800000, 0x0000000083900000|  0%| F|  |TAMS 0x0000000083800000| PB 0x0000000083800000| Untracked |  0
|  21|0x0000000083900000, 0x0000000083900000, 0x0000000083a00000|  0%| F|  |TAMS 0x0000000083900000| PB 0x0000000083900000| Untracked |  0
|  22|0x0000000083a00000, 0x0000000083a00000, 0x0000000083b00000|  0%| F|  |TAMS 0x0000000083a00000| PB 0x0000000083a00000| Untracked |  0
|  23|0x0000000083b00000, 0x0000000083b00000, 0x0000000083c00000|  0%| F|  |TAMS 0x0000000083b00000| PB 0x0000000083b00000| Untracked |  0
|  24|0x0000000083c00000, 0x0000000083c00000, 0x0000000083d00000|  0%| F|  |TAMS 0x0000000083c00000| PB 0x0000000083c00000| Untracked |  0
|  25|0x0000000083d00000, 0x0000000083d00000, 0x0000000083e00000|  0%| F|  |TAMS 0x0000000083d00000| PB 0x0000000083d00000| Untracked |  0
|  26|0x0000000083e00000, 0x0000000083e00000, 0x0000000083f00000|  0%| F|  |TAMS 0x0000000083e00000| PB 0x0000000083e00000| Untracked |  0
|  27|0x0000000083f00000, 0x0000000083f00000, 0x0000000084000000|  0%| F|  |TAMS 0x0000000083f00000| PB 0x0000000083f00000| Untracked |  0
|  28|0x0000000084000000, 0x0000000084000000, 0x0000000084100000|  0%| F|  |TAMS 0x0000000084000000| PB 0x0000000084000000| Untracked |  0
|  29|0x0000000084100000, 0x0000000084100000, 0x0000000084200000|  0%| F|  |TAMS 0x0000000084100000| PB 0x0000000084100000| Untracked |  0
|  30|0x0000000084200000, 0x0000000084200000, 0x0000000084300000|  0%| F|  |TAMS 0x0000000084200000| PB 0x0000000084200000| Untracked |  0
|  31|0x0000000084300000, 0x0000000084300000, 0x0000000084400000|  0%| F|  |TAMS 0x0000000084300000| PB 0x0000000084300000| Untracked |  0
|  32|0x0000000084400000, 0x0000000084400000, 0x0000000084500000|  0%| F|  |TAMS 0x0000000084400000| PB 0x0000000084400000| Untracked |  0
|  33|0x0000000084500000, 0x0000000084500000, 0x0000000084600000|  0%| F|  |TAMS 0x0000000084500000| PB 0x0000000084500000| Untracked |  0
|  34|0x0000000084600000, 0x0000000084600000, 0x0000000084700000|  0%| F|  |TAMS 0x0000000084600000| PB 0x0000000084600000| Untracked |  0
|  35|0x0000000084700000, 0x0000000084700000, 0x0000000084800000|  0%| F|  |TAMS 0x0000000084700000| PB 0x0000000084700000| Untracked |  0
|  36|0x0000000084800000, 0x0000000084800000, 0x0000000084900000|  0%| F|  |TAMS 0x0000000084800000| PB 0x0000000084800000| Untracked |  0
|  37|0x0000000084900000, 0x0000000084900000, 0x0000000084a00000|  0%| F|  |TAMS 0x0000000084900000| PB 0x0000000084900000| Untracked |  0
|  38|0x0000000084a00000, 0x0000000084a00000, 0x0000000084b00000|  0%| F|  |TAMS 0x0000000084a00000| PB 0x0000000084a00000| Untracked |  0
|  39|0x0000000084b00000, 0x0000000084b00000, 0x0000000084c00000|  0%| F|  |TAMS 0x0000000084b00000| PB 0x0000000084b00000| Untracked |  0
|  40|0x0000000084c00000, 0x0000000084c00000, 0x0000000084d00000|  0%| F|  |TAMS 0x0000000084c00000| PB 0x0000000084c00000| Untracked |  0
|  41|0x0000000084d00000, 0x0000000084d00000, 0x0000000084e00000|  0%| F|  |TAMS 0x0000000084d00000| PB 0x0000000084d00000| Untracked |  0
|  42|0x0000000084e00000, 0x0000000084e00000, 0x0000000084f00000|  0%| F|  |TAMS 0x0000000084e00000| PB 0x0000000084e00000| Untracked |  0
|  43|0x0000000084f00000, 0x0000000084f00000, 0x0000000085000000|  0%| F|  |TAMS 0x0000000084f00000| PB 0x0000000084f00000| Untracked |  0
|  44|0x0000000085000000, 0x0000000085000000, 0x0000000085100000|  0%| F|  |TAMS 0x0000000085000000| PB 0x0000000085000000| Untracked |  0
|  45|0x0000000085100000, 0x0000000085100000, 0x0000000085200000|  0%| F|  |TAMS 0x0000000085100000| PB 0x0000000085100000| Untracked |  0
|  46|0x0000000085200000, 0x0000000085200000, 0x0000000085300000|  0%| F|  |TAMS 0x0000000085200000| PB 0x0000000085200000| Untracked |  0
|  47|0x0000000085300000, 0x0000000085300000, 0x0000000085400000|  0%| F|  |TAMS 0x0000000085300000| PB 0x0000000085300000| Untracked |  0
|  48|0x0000000085400000, 0x0000000085400000, 0x0000000085500000|  0%| F|  |TAMS 0x0000000085400000| PB 0x0000000085400000| Untracked |  0
|  49|0x0000000085500000, 0x0000000085500000, 0x0000000085600000|  0%| F|  |TAMS 0x0000000085500000| PB 0x0000000085500000| Untracked |  0
|  50|0x0000000085600000, 0x0000000085600000, 0x0000000085700000|  0%| F|  |TAMS 0x0000000085600000| PB 0x0000000085600000| Untracked |  0
|  51|0x0000000085700000, 0x0000000085700000, 0x0000000085800000|  0%| F|  |TAMS 0x0000000085700000| PB 0x0000000085700000| Untracked |  0
|  52|0x0000000085800000, 0x0000000085800000, 0x0000000085900000|  0%| F|  |TAMS 0x0000000085800000| PB 0x0000000085800000| Untracked |  0
|  53|0x0000000085900000, 0x0000000085900000, 0x0000000085a00000|  0%| F|  |TAMS 0x0000000085900000| PB 0x0000000085900000| Untracked |  0
|  54|0x0000000085a00000, 0x0000000085a00000, 0x0000000085b00000|  0%| F|  |TAMS 0x0000000085a00000| PB 0x0000000085a00000| Untracked |  0
|  55|0x0000000085b00000, 0x0000000085b00000, 0x0000000085c00000|  0%| F|  |TAMS 0x0000000085b00000| PB 0x0000000085b00000| Untracked |  0
|  56|0x0000000085c00000, 0x0000000085c00000, 0x0000000085d00000|  0%| F|  |TAMS 0x0000000085c00000| PB 0x0000000085c00000| Untracked |  0
|  57|0x0000000085d00000, 0x0000000085d00000, 0x0000000085e00000|  0%| F|  |TAMS 0x0000000085d00000| PB 0x0000000085d00000| Untracked |  0
|  58|0x0000000085e00000, 0x0000000085e00000, 0x0000000085f00000|  0%| F|  |TAMS 0x0000000085e00000| PB 0x0000000085e00000| Untracked |  0
|  59|0x0000000085f00000, 0x0000000085f00000, 0x0000000086000000|  0%| F|  |TAMS 0x0000000085f00000| PB 0x0000000085f00000| Untracked |  0
|  60|0x0000000086000000, 0x0000000086000000, 0x0000000086100000|  0%| F|  |TAMS 0x0000000086000000| PB 0x0000000086000000| Untracked |  0
|  61|0x0000000086100000, 0x0000000086100000, 0x0000000086200000|  0%| F|  |TAMS 0x0000000086100000| PB 0x0000000086100000| Untracked |  0
|  62|0x0000000086200000, 0x0000000086200000, 0x0000000086300000|  0%| F|  |TAMS 0x0000000086200000| PB 0x0000000086200000| Untracked |  0
|  63|0x0000000086300000, 0x0000000086300000, 0x0000000086400000|  0%| F|  |TAMS 0x0000000086300000| PB 0x0000000086300000| Untracked |  0
|  64|0x0000000086400000, 0x0000000086400000, 0x0000000086500000|  0%| F|  |TAMS 0x0000000086400000| PB 0x0000000086400000| Untracked |  0
|  65|0x0000000086500000, 0x0000000086500000, 0x0000000086600000|  0%| F|  |TAMS 0x0000000086500000| PB 0x0000000086500000| Untracked |  0
|  66|0x0000000086600000, 0x0000000086600000, 0x0000000086700000|  0%| F|  |TAMS 0x0000000086600000| PB 0x0000000086600000| Untracked |  0
|  67|0x0000000086700000, 0x0000000086700000, 0x0000000086800000|  0%| F|  |TAMS 0x0000000086700000| PB 0x0000000086700000| Untracked |  0
|  68|0x0000000086800000, 0x0000000086800000, 0x0000000086900000|  0%| F|  |TAMS 0x0000000086800000| PB 0x0000000086800000| Untracked |  0
|  69|0x0000000086900000, 0x0000000086900000, 0x0000000086a00000|  0%| F|  |TAMS 0x0000000086900000| PB 0x0000000086900000| Untracked |  0
|  70|0x0000000086a00000, 0x0000000086a00000, 0x0000000086b00000|  0%| F|  |TAMS 0x0000000086a00000| PB 0x0000000086a00000| Untracked |  0
|  71|0x0000000086b00000, 0x0000000086b00000, 0x0000000086c00000|  0%| F|  |TAMS 0x0000000086b00000| PB 0x0000000086b00000| Untracked |  0
|  72|0x0000000086c00000, 0x0000000086c00000, 0x0000000086d00000|  0%| F|  |TAMS 0x0000000086c00000| PB 0x0000000086c00000| Untracked |  0
|  73|0x0000000086d00000, 0x0000000086d00000, 0x0000000086e00000|  0%| F|  |TAMS 0x0000000086d00000| PB 0x0000000086d00000| Untracked |  0
|  74|0x0000000086e00000, 0x0000000086e00000, 0x0000000086f00000|  0%| F|  |TAMS 0x0000000086e00000| PB 0x0000000086e00000| Untracked |  0
|  75|0x0000000086f00000, 0x0000000086f00000, 0x0000000087000000|  0%| F|  |TAMS 0x0000000086f00000| PB 0x0000000086f00000| Untracked |  0
|  76|0x0000000087000000, 0x0000000087000000, 0x0000000087100000|  0%| F|  |TAMS 0x0000000087000000| PB 0x0000000087000000| Untracked |  0
|  77|0x0000000087100000, 0x0000000087100000, 0x0000000087200000|  0%| F|  |TAMS 0x0000000087100000| PB 0x0000000087100000| Untracked |  0
|  78|0x0000000087200000, 0x0000000087200000, 0x0000000087300000|  0%| F|  |TAMS 0x0000000087200000| PB 0x0000000087200000| Untracked |  0
|  79|0x0000000087300000, 0x0000000087300000, 0x0000000087400000|  0%| F|  |TAMS 0x0000000087300000| PB 0x0000000087300000| Untracked |  0
|  80|0x0000000087400000, 0x0000000087400000, 0x0000000087500000|  0%| F|  |TAMS 0x0000000087400000| PB 0x0000000087400000| Untracked |  0
|  81|0x0000000087500000, 0x0000000087500000, 0x0000000087600000|  0%| F|  |TAMS 0x0000000087500000| PB 0x0000000087500000| Untracked |  0
|  82|0x0000000087600000, 0x0000000087600000, 0x0000000087700000|  0%| F|  |TAMS 0x0000000087600000| PB 0x0000000087600000| Untracked |  0
|  83|0x0000000087700000, 0x0000000087700000, 0x0000000087800000|  0%| F|  |TAMS 0x0000000087700000| PB 0x0000000087700000| Untracked |  0
|  84|0x0000000087800000, 0x0000000087800000, 0x0000000087900000|  0%| F|  |TAMS 0x0000000087800000| PB 0x0000000087800000| Untracked |  0
|  85|0x0000000087900000, 0x0000000087900000, 0x0000000087a00000|  0%| F|  |TAMS 0x0000000087900000| PB 0x0000000087900000| Untracked |  0
|  86|0x0000000087a00000, 0x0000000087a00000, 0x0000000087b00000|  0%| F|  |TAMS 0x0000000087a00000| PB 0x0000000087a00000| Untracked |  0
|  87|0x0000000087b00000, 0x0000000087b00000, 0x0000000087c00000|  0%| F|  |TAMS 0x0000000087b00000| PB 0x0000000087b00000| Untracked |  0
|  88|0x0000000087c00000, 0x0000000087c00000, 0x0000000087d00000|  0%| F|  |TAMS 0x0000000087c00000| PB 0x0000000087c00000| Untracked |  0
|  89|0x0000000087d00000, 0x0000000087e00000, 0x0000000087e00000|100%| E|  |TAMS 0x0000000087d00000| PB 0x0000000087d00000| Complete |  0
|  90|0x0000000087e00000, 0x0000000087f00000, 0x0000000087f00000|100%| E|CS|TAMS 0x0000000087e00000| PB 0x0000000087e00000| Complete |  0
|  91|0x0000000087f00000, 0x0000000088000000, 0x0000000088000000|100%| E|CS|TAMS 0x0000000087f00000| PB 0x0000000087f00000| Complete |  0
|  92|0x0000000088000000, 0x0000000088100000, 0x0000000088100000|100%| E|CS|TAMS 0x0000000088000000| PB 0x0000000088000000| Complete |  0
|  93|0x0000000088100000, 0x0000000088200000, 0x0000000088200000|100%| E|CS|TAMS 0x0000000088100000| PB 0x0000000088100000| Complete |  0
|  94|0x0000000088200000, 0x0000000088300000, 0x0000000088300000|100%| E|CS|TAMS 0x0000000088200000| PB 0x0000000088200000| Complete |  0
|  95|0x0000000088300000, 0x0000000088400000, 0x0000000088400000|100%| E|CS|TAMS 0x0000000088300000| PB 0x0000000088300000| Complete |  0
|  96|0x0000000088400000, 0x0000000088500000, 0x0000000088500000|100%| E|CS|TAMS 0x0000000088400000| PB 0x0000000088400000| Complete |  0
|  97|0x0000000088500000, 0x0000000088600000, 0x0000000088600000|100%| E|CS|TAMS 0x0000000088500000| PB 0x0000000088500000| Complete |  0
|  98|0x0000000088600000, 0x0000000088700000, 0x0000000088700000|100%| E|CS|TAMS 0x0000000088600000| PB 0x0000000088600000| Complete |  0
|  99|0x0000000088700000, 0x0000000088800000, 0x0000000088800000|100%| E|CS|TAMS 0x0000000088700000| PB 0x0000000088700000| Complete |  0
| 100|0x0000000088800000, 0x0000000088900000, 0x0000000088900000|100%| E|CS|TAMS 0x0000000088800000| PB 0x0000000088800000| Complete |  0
| 101|0x0000000088900000, 0x0000000088a00000, 0x0000000088a00000|100%| E|CS|TAMS 0x0000000088900000| PB 0x0000000088900000| Complete |  0
| 102|0x0000000088a00000, 0x0000000088b00000, 0x0000000088b00000|100%| E|CS|TAMS 0x0000000088a00000| PB 0x0000000088a00000| Complete |  0
| 103|0x0000000088b00000, 0x0000000088c00000, 0x0000000088c00000|100%| E|CS|TAMS 0x0000000088b00000| PB 0x0000000088b00000| Complete |  0
| 104|0x0000000088c00000, 0x0000000088d00000, 0x0000000088d00000|100%| E|CS|TAMS 0x0000000088c00000| PB 0x0000000088c00000| Complete |  0
| 105|0x0000000088d00000, 0x0000000088e00000, 0x0000000088e00000|100%| E|CS|TAMS 0x0000000088d00000| PB 0x0000000088d00000| Complete |  0
| 106|0x0000000088e00000, 0x0000000088f00000, 0x0000000088f00000|100%| E|CS|TAMS 0x0000000088e00000| PB 0x0000000088e00000| Complete |  0
| 107|0x0000000088f00000, 0x0000000089000000, 0x0000000089000000|100%| E|CS|TAMS 0x0000000088f00000| PB 0x0000000088f00000| Complete |  0
| 108|0x0000000089000000, 0x0000000089100000, 0x0000000089100000|100%| E|CS|TAMS 0x0000000089000000| PB 0x0000000089000000| Complete |  0
| 109|0x0000000089100000, 0x0000000089200000, 0x0000000089200000|100%| E|CS|TAMS 0x0000000089100000| PB 0x0000000089100000| Complete |  0
| 110|0x0000000089200000, 0x0000000089300000, 0x0000000089300000|100%| E|CS|TAMS 0x0000000089200000| PB 0x0000000089200000| Complete |  0
| 111|0x0000000089300000, 0x0000000089400000, 0x0000000089400000|100%| E|CS|TAMS 0x0000000089300000| PB 0x0000000089300000| Complete |  0
| 112|0x0000000089400000, 0x0000000089500000, 0x0000000089500000|100%| E|CS|TAMS 0x0000000089400000| PB 0x0000000089400000| Complete |  0
| 113|0x0000000089500000, 0x0000000089600000, 0x0000000089600000|100%| E|CS|TAMS 0x0000000089500000| PB 0x0000000089500000| Complete |  0
| 114|0x0000000089600000, 0x0000000089700000, 0x0000000089700000|100%| E|CS|TAMS 0x0000000089600000| PB 0x0000000089600000| Complete |  0
| 115|0x0000000089700000, 0x0000000089800000, 0x0000000089800000|100%| E|CS|TAMS 0x0000000089700000| PB 0x0000000089700000| Complete |  0
| 116|0x0000000089800000, 0x0000000089900000, 0x0000000089900000|100%| E|CS|TAMS 0x0000000089800000| PB 0x0000000089800000| Complete |  0
| 117|0x0000000089900000, 0x0000000089a00000, 0x0000000089a00000|100%| E|CS|TAMS 0x0000000089900000| PB 0x0000000089900000| Complete |  0
| 118|0x0000000089a00000, 0x0000000089b00000, 0x0000000089b00000|100%| E|CS|TAMS 0x0000000089a00000| PB 0x0000000089a00000| Complete |  0
| 119|0x0000000089b00000, 0x0000000089c00000, 0x0000000089c00000|100%| E|CS|TAMS 0x0000000089b00000| PB 0x0000000089b00000| Complete |  0
| 120|0x0000000089c00000, 0x0000000089d00000, 0x0000000089d00000|100%| E|CS|TAMS 0x0000000089c00000| PB 0x0000000089c00000| Complete |  0
| 121|0x0000000089d00000, 0x0000000089e00000, 0x0000000089e00000|100%| E|CS|TAMS 0x0000000089d00000| PB 0x0000000089d00000| Complete |  0
| 122|0x0000000089e00000, 0x0000000089f00000, 0x0000000089f00000|100%| E|CS|TAMS 0x0000000089e00000| PB 0x0000000089e00000| Complete |  0
| 123|0x0000000089f00000, 0x000000008a000000, 0x000000008a000000|100%| E|CS|TAMS 0x0000000089f00000| PB 0x0000000089f00000| Complete |  0
| 124|0x000000008a000000, 0x000000008a100000, 0x000000008a100000|100%| E|CS|TAMS 0x000000008a000000| PB 0x000000008a000000| Complete |  0
| 125|0x000000008a100000, 0x000000008a200000, 0x000000008a200000|100%| E|CS|TAMS 0x000000008a100000| PB 0x000000008a100000| Complete |  0
|2010|0x00000000ffe00000, 0x00000000fff00000, 0x00000000fff00000|100%| O|  |TAMS 0x00000000ffe00000| PB 0x00000000ffe00000| Untracked |  0
|2011|0x00000000fff00000, 0x00000000fff1c348, 0x0000000100000000| 11%| O|  |TAMS 0x00000000fff00000| PB 0x00000000fff00000| Untracked |  0

Card table byte_map: [0x000001f2d2ff0000,0x000001f2d33e0000] _byte_map_base: 0x000001f2d2bde000

Marking Bits: (CMBitMap*) 0x000001f2b8eb4a30
 Bits: [0x000001f2d33e0000, 0x000001f2d5350000)

Polling page: 0x000001f2c2ff0000

Metaspace:

Usage:
  Non-class:      6.70 MB used.
      Class:    640.05 KB used.
       Both:      7.33 MB used.

Virtual space:
  Non-class space:       64.00 MB reserved,       6.81 MB ( 11%) committed,  1 nodes.
      Class space:        1.00 GB reserved,     768.00 KB ( <1%) committed,  1 nodes.
             Both:        1.06 GB reserved,       7.56 MB ( <1%) committed. 

Chunk freelists:
   Non-Class:  8.85 MB
       Class:  15.23 MB
        Both:  24.08 MB

MaxMetaspaceSize: unlimited
CompressedClassSpaceSize: 1.00 GB
Initial GC threshold: 21.00 MB
Current GC threshold: 21.00 MB
CDS: on
 - commit_granule_bytes: 65536.
 - commit_granule_words: 8192.
 - virtual_space_node_default_size: 8388608.
 - enlarge_chunks_in_place: 1.
UseCompressedClassPointers 1, UseCompactObjectHeaders 0
Narrow klass pointer bits 32, Max shift 3
Narrow klass base: 0x000001f2d8000000, Narrow klass shift: 0
Encoding Range: [0x000001f2d8000000 - 0x000001f3d8000000), (4294967296 bytes)
Klass Range:    [0x000001f2d8000000 - 0x000001f319000000), (1090519040 bytes)
Klass ID Range:  [8 - 1090519033) (1090519025)


Internal statistics:

num_allocs_failed_limit: 0.
num_arena_births: 116.
num_arena_deaths: 0.
num_vsnodes_births: 2.
num_vsnodes_deaths: 0.
num_space_committed: 121.
num_space_uncommitted: 0.
num_chunks_returned_to_freelist: 0.
num_chunks_taken_from_freelist: 189.
num_chunk_merges: 0.
num_chunk_splits: 121.
num_chunks_enlarged: 80.
num_inconsistent_stats: 0.

CodeHeap 'non-profiled nmethods': size=120064Kb used=565Kb max_used=565Kb free=119498Kb
 bounds [0x000001f2cac50000, 0x000001f2caec0000, 0x000001f2d2190000]
CodeHeap 'profiled nmethods': size=120000Kb used=2084Kb max_used=2084Kb free=117915Kb
 bounds [0x000001f2c3190000, 0x000001f2c3400000, 0x000001f2ca6c0000]
CodeHeap 'non-nmethods': size=5696Kb used=1340Kb max_used=1378Kb free=4355Kb
 bounds [0x000001f2ca6c0000, 0x000001f2ca930000, 0x000001f2cac50000]
CodeCache: size=245760Kb, used=3989Kb, max_used=4027Kb, free=241768Kb
 total_blobs=2054, nmethods=1543, adapters=417, full_count=0
Compilation: enabled, stopped_count=0, restarted_count=0

Compilation events (20 events):
Event: 2.237 Thread 0x000001f2d7e21620 nmethod 1398 0x000001f2c3363008 code [0x000001f2c3363140, 0x000001f2c3363540]
Event: 2.238 Thread 0x000001f2d7e21620 1394       3       java.nio.Buffer::flip (20 bytes)
Event: 2.238 Thread 0x000001f2d7e21620 nmethod 1394 0x000001f2c3363588 code [0x000001f2c33636a0, 0x000001f2c33637c0]
Event: 2.238 Thread 0x000001f2d7e21620 1395       3       java.nio.ByteBuffer::flip (7 bytes)
Event: 2.238 Thread 0x000001f2d7e21620 nmethod 1395 0x000001f2c3363888 code [0x000001f2c33639a0, 0x000001f2c3363b20]
Event: 2.239 Thread 0x000001f2d7e21620 1396       3       jdk.internal.misc.Blocker::end (16 bytes)
Event: 2.239 Thread 0x000001f2d7e21620 nmethod 1396 0x000001f2c3363b88 code [0x000001f2c3363cc0, 0x000001f2c3364000]
Event: 2.239 Thread 0x000001f2d7e21620 1393       1       java.lang.Module::getName (5 bytes)
Event: 2.240 Thread 0x000001f2d7e21620 nmethod 1393 0x000001f2cacca708 code [0x000001f2cacca800, 0x000001f2cacca8c8]
Event: 2.241 Thread 0x000001f2d7e21620 1399       3       java.util.Properties::getProperty (50 bytes)
Event: 2.241 Thread 0x000001f2d7e21620 nmethod 1399 0x000001f2c3364088 code [0x000001f2c33641e0, 0x000001f2c3364678]
Event: 2.243 Thread 0x000001f2d7e21620 1401       3       java.lang.invoke.MethodHandles$Lookup::checkSymbolicClass (25 bytes)
Event: 2.243 Thread 0x000001f31d076df0 nmethod 1384 0x000001f2caccad08 code [0x000001f2caccaec0, 0x000001f2caccbae0]
Event: 2.243 Thread 0x000001f31d076df0 1383       4       java.util.HashMap::put (13 bytes)
Event: 2.243 Thread 0x000001f2d7e21620 nmethod 1401 0x000001f2c3364708 code [0x000001f2c3364840, 0x000001f2c3364bb8]
Event: 2.243 Thread 0x000001f2d7e21620 1404       3       sun.invoke.util.VerifyType::isNullConversion (157 bytes)
Event: 2.245 Thread 0x000001f2d7e21620 nmethod 1404 0x000001f2c3364c08 code [0x000001f2c3364ec0, 0x000001f2c3366d18]
Event: 2.245 Thread 0x000001f2d7e21620 1405       1       java.util.logging.Logger::getName (5 bytes)
Event: 2.246 Thread 0x000001f2d7e21620 nmethod 1405 0x000001f2caccc488 code [0x000001f2caccc580, 0x000001f2caccc648]
Event: 2.261 Thread 0x000001f2d7e21620 1408       1       java.lang.Enum::name (5 bytes)

GC Heap History (0 events):
No events

Dll operation events (20 events):
Event: 1.888 Loaded shared library C:\Users\USER\.jdks\openjdk-24\bin\api-ms-win-crt-locale-l1-1-0.dll
Event: 1.890 Loaded shared library C:\Users\USER\.jdks\openjdk-24\bin\management_ext.dll
Event: 1.892 Loaded shared library C:\Users\USER\.jdks\openjdk-24\bin\api-ms-win-crt-math-l1-1-0.dll
Event: 1.896 Loaded shared library C:\Users\USER\.jdks\openjdk-24\bin\api-ms-win-crt-multibyte-l1-1-0.dll
Event: 1.902 Loaded shared library C:\Users\USER\.jdks\openjdk-24\bin\api-ms-win-crt-private-l1-1-0.dll
Event: 1.905 Loaded shared library C:\Users\USER\.jdks\openjdk-24\bin\api-ms-win-crt-process-l1-1-0.dll
Event: 1.909 Loaded shared library C:\Users\USER\.jdks\openjdk-24\bin\api-ms-win-crt-runtime-l1-1-0.dll
Event: 1.913 Loaded shared library C:\Users\USER\.jdks\openjdk-24\bin\api-ms-win-crt-stdio-l1-1-0.dll
Event: 1.917 Loaded shared library C:\Users\USER\.jdks\openjdk-24\bin\api-ms-win-crt-string-l1-1-0.dll
Event: 1.921 Loaded shared library C:\Users\USER\.jdks\openjdk-24\bin\api-ms-win-crt-time-l1-1-0.dll
Event: 1.924 Loaded shared library C:\Users\USER\.jdks\openjdk-24\bin\api-ms-win-crt-utility-l1-1-0.dll
Event: 1.934 Loaded shared library C:\Users\USER\.jdks\openjdk-24\bin\ucrtbase.dll
Event: 1.939 Loaded shared library C:\Users\USER\.jdks\openjdk-24\bin\vcruntime140.dll
Event: 1.942 Loaded shared library C:\Users\USER\.jdks\openjdk-24\bin\vcruntime140_1.dll
Event: 1.945 Loaded shared library C:\Users\USER\.jdks\openjdk-24\bin\msvcp140.dll
Event: 1.950 Loaded shared library C:\Windows\System32\msvcp140_1.dll
Event: 1.957 Loaded shared library C:\Windows\System32\msvcp140_2.dll
Event: 2.068 Loaded shared library C:\Program Files\Zulu\zulu-17\bin\prism_d3d.dll
Event: 2.162 Loaded shared library C:\Program Files\Zulu\zulu-17\bin\prism_sw.dll
Event: 2.232 Loaded shared library C:\Program Files\Zulu\zulu-17\bin\glass.dll

Deoptimization events (20 events):
Event: 2.217 Thread 0x000001f2b8cc65e0 Uncommon trap: trap_request=0xffffffc6 fr.pc=0x000001f2cacaaf30 relative=0x00000000000009b0
Event: 2.217 Thread 0x000001f2b8cc65e0 Uncommon trap: reason=bimorphic_or_optimized_type_check action=maybe_recompile pc=0x000001f2cacaaf30 method=java.util.HashMap.putVal(ILjava/lang/Object;Ljava/lang/Object;ZZ)Ljava/lang/Object; @ 56 c2
Event: 2.217 Thread 0x000001f2b8cc65e0 DEOPT PACKING pc=0x000001f2cacaaf30 sp=0x0000007ff60fd990
Event: 2.217 Thread 0x000001f2b8cc65e0 DEOPT UNPACKING pc=0x000001f2ca7d4102 sp=0x0000007ff60fd890 mode 2
Event: 2.217 Thread 0x000001f2b8cc65e0 Uncommon trap: trap_request=0xffffffc6 fr.pc=0x000001f2cacaaf30 relative=0x00000000000009b0
Event: 2.217 Thread 0x000001f2b8cc65e0 Uncommon trap: reason=bimorphic_or_optimized_type_check action=maybe_recompile pc=0x000001f2cacaaf30 method=java.util.HashMap.putVal(ILjava/lang/Object;Ljava/lang/Object;ZZ)Ljava/lang/Object; @ 56 c2
Event: 2.218 Thread 0x000001f2b8cc65e0 DEOPT PACKING pc=0x000001f2cacaaf30 sp=0x0000007ff60fd990
Event: 2.218 Thread 0x000001f2b8cc65e0 DEOPT UNPACKING pc=0x000001f2ca7d4102 sp=0x0000007ff60fd890 mode 2
Event: 2.218 Thread 0x000001f2b8cc65e0 Uncommon trap: trap_request=0xffffffc6 fr.pc=0x000001f2cacaaf30 relative=0x00000000000009b0
Event: 2.218 Thread 0x000001f2b8cc65e0 Uncommon trap: reason=bimorphic_or_optimized_type_check action=maybe_recompile pc=0x000001f2cacaaf30 method=java.util.HashMap.putVal(ILjava/lang/Object;Ljava/lang/Object;ZZ)Ljava/lang/Object; @ 56 c2
Event: 2.218 Thread 0x000001f2b8cc65e0 DEOPT PACKING pc=0x000001f2cacaaf30 sp=0x0000007ff60fd990
Event: 2.218 Thread 0x000001f2b8cc65e0 DEOPT UNPACKING pc=0x000001f2ca7d4102 sp=0x0000007ff60fd890 mode 2
Event: 2.218 Thread 0x000001f2b8cc65e0 Uncommon trap: trap_request=0xffffffc6 fr.pc=0x000001f2cac8bc60 relative=0x00000000000009e0
Event: 2.218 Thread 0x000001f2b8cc65e0 Uncommon trap: reason=bimorphic_or_optimized_type_check action=maybe_recompile pc=0x000001f2cac8bc60 method=java.util.HashMap.putVal(ILjava/lang/Object;Ljava/lang/Object;ZZ)Ljava/lang/Object; @ 56 c2
Event: 2.218 Thread 0x000001f2b8cc65e0 DEOPT PACKING pc=0x000001f2cac8bc60 sp=0x0000007ff60fd910
Event: 2.218 Thread 0x000001f2b8cc65e0 DEOPT UNPACKING pc=0x000001f2ca7d4102 sp=0x0000007ff60fd898 mode 2
Event: 2.235 Thread 0x000001f2d7e1d580 Uncommon trap: trap_request=0xffffff4d fr.pc=0x000001f2cacc7bcc relative=0x000000000000022c
Event: 2.235 Thread 0x000001f2d7e1d580 Uncommon trap: reason=unstable_if action=reinterpret pc=0x000001f2cacc7bcc method=java.lang.String.startsWith(Ljava/lang/String;I)Z @ 1 c2
Event: 2.235 Thread 0x000001f2d7e1d580 DEOPT PACKING pc=0x000001f2cacc7bcc sp=0x0000007ff6bfec90
Event: 2.235 Thread 0x000001f2d7e1d580 DEOPT UNPACKING pc=0x000001f2ca7d4102 sp=0x0000007ff6bfec20 mode 2

Classes loaded (20 events):
Event: 2.252 Loading class sun/security/util/SecurityConstants
Event: 2.252 Loading class sun/security/util/SecurityConstants done
Event: 2.252 Loading class java/security/AllPermission
Event: 2.252 Loading class java/security/AllPermission done
Event: 2.252 Loading class sun/security/provider/SunEntries
Event: 2.252 Loading class sun/security/provider/SunEntries done
Event: 2.252 Loading class sun/security/provider/NativePRNG
Event: 2.253 Loading class sun/security/provider/NativePRNG done
Event: 2.253 Loading class sun/security/provider/NativePRNG$Blocking
Event: 2.253 Loading class sun/security/provider/NativePRNG$Blocking done
Event: 2.253 Loading class sun/security/provider/NativePRNG$NonBlocking
Event: 2.253 Loading class sun/security/provider/NativePRNG$NonBlocking done
Event: 2.253 Loading class java/security/Provider$Service
Event: 2.253 Loading class java/security/Provider$Service done
Event: 2.253 Loading class java/security/Provider$UString
Event: 2.253 Loading class java/security/Provider$UString done
Event: 2.253 Loading class sun/security/util/SecurityProviderConstants
Event: 2.254 Loading class sun/security/util/SecurityProviderConstants done
Event: 2.254 Loading class sun/security/util/KnownOIDs
Event: 2.256 Loading class sun/security/util/KnownOIDs done

Classes unloaded (0 events):
No events

Classes redefined (0 events):
No events

Internal exceptions (20 events):
Event: 1.914 Thread 0x000001f2b8cc65e0 Exception <a 'sun/nio/fs/WindowsException'{0x0000000088af7310}> (0x0000000088af7310) 
thrown [s\open\src\hotspot\share\prims\jni.cpp, line 518]
Event: 1.918 Thread 0x000001f2b8cc65e0 Exception <a 'sun/nio/fs/WindowsException'{0x0000000088af9898}> (0x0000000088af9898) 
thrown [s\open\src\hotspot\share\prims\jni.cpp, line 518]
Event: 1.922 Thread 0x000001f2b8cc65e0 Exception <a 'sun/nio/fs/WindowsException'{0x0000000088afbb80}> (0x0000000088afbb80) 
thrown [s\open\src\hotspot\share\prims\jni.cpp, line 518]
Event: 1.925 Thread 0x000001f2b8cc65e0 Exception <a 'sun/nio/fs/WindowsException'{0x0000000088afddc8}> (0x0000000088afddc8) 
thrown [s\open\src\hotspot\share\prims\jni.cpp, line 518]
Event: 1.936 Thread 0x000001f2b8cc65e0 Exception <a 'sun/nio/fs/WindowsException'{0x00000000888001f8}> (0x00000000888001f8) 
thrown [s\open\src\hotspot\share\prims\jni.cpp, line 518]
Event: 1.940 Thread 0x000001f2b8cc65e0 Exception <a 'sun/nio/fs/WindowsException'{0x0000000088802410}> (0x0000000088802410) 
thrown [s\open\src\hotspot\share\prims\jni.cpp, line 518]
Event: 1.944 Thread 0x000001f2b8cc65e0 Exception <a 'sun/nio/fs/WindowsException'{0x0000000088804608}> (0x0000000088804608) 
thrown [s\open\src\hotspot\share\prims\jni.cpp, line 518]
Event: 1.947 Thread 0x000001f2b8cc65e0 Exception <a 'sun/nio/fs/WindowsException'{0x00000000888067d8}> (0x00000000888067d8) 
thrown [s\open\src\hotspot\share\prims\jni.cpp, line 518]
Event: 1.951 Thread 0x000001f2b8cc65e0 Exception <a 'sun/nio/fs/WindowsException'{0x0000000088809438}> (0x0000000088809438) 
thrown [s\open\src\hotspot\share\prims\jni.cpp, line 518]
Event: 1.958 Thread 0x000001f2d7e1d580 Exception <a 'java/lang/NoSuchMethodError'{0x00000000889bc8e8}: 'int java.lang.invoke.DirectMethodHandle$Holder.invokeSpecial(java.lang.Object, java.lang.Object, java.lang.Object)'> (0x00000000889bc8e8) 
thrown [s\open\src\hotspot\share\interpreter\linkResolver.cpp, line 805]
Event: 2.039 Thread 0x000001f2d7e1d580 Exception <a 'java/lang/NoSuchMethodError'{0x0000000088626fe8}: 'java.lang.Object java.lang.invoke.DirectMethodHandle$Holder.invokeStaticInit(java.lang.Object, java.lang.Object, java.lang.Object)'> (0x0000000088626fe8) 
thrown [s\open\src\hotspot\share\interpreter\linkResolver.cpp, line 805]
Event: 2.050 Thread 0x000001f31d9890b0 Implicit null exception at 0x000001f2cac70e5b to 0x000001f2cac70f04
Event: 2.058 Thread 0x000001f31d9890b0 Exception <a 'sun/nio/fs/WindowsException'{0x0000000088689d58}> (0x0000000088689d58) 
thrown [s\open\src\hotspot\share\prims\jni.cpp, line 518]
Event: 2.069 Thread 0x000001f31d9890b0 Exception <a 'java/lang/NoSuchFieldError'{0x000000008868c0b8}: disableD3D9Ex> (0x000000008868c0b8) 
thrown [s\open\src\hotspot\share\prims\jni.cpp, line 1986]
Event: 2.157 Thread 0x000001f31d9890b0 Exception <a 'java/lang/NoSuchFieldError'{0x000000008868c0b8}> (0x000000008868c0b8) 
thrown [s\open\src\hotspot\share\oops\instanceKlass.cpp, line 1328]
Event: 2.159 Thread 0x000001f31d9890b0 Exception <a 'sun/nio/fs/WindowsException'{0x0000000088690200}> (0x0000000088690200) 
thrown [s\open\src\hotspot\share\prims\jni.cpp, line 518]
Event: 2.181 Thread 0x000001f2b8cc65e0 Exception <a 'java/lang/NoSuchMethodError'{0x00000000887bd100}: 'int java.lang.invoke.DirectMethodHandle$Holder.invokeStaticInit(java.lang.Object, java.lang.Object, java.lang.Object)'> (0x00000000887bd100) 
thrown [s\open\src\hotspot\share\interpreter\linkResolver.cpp, line 805]
Event: 2.221 Thread 0x000001f2b8cc65e0 Exception <a 'sun/nio/fs/WindowsException'{0x000000008828fdc0}> (0x000000008828fdc0) 
thrown [s\open\src\hotspot\share\prims\jni.cpp, line 518]
Event: 2.233 Thread 0x000001f2b8cc65e0 Exception <a 'java/lang/NoSuchMethodError'{0x0000000088292078}: notifyThemeChanged> (0x0000000088292078) 
thrown [s\open\src\hotspot\share\prims\jni.cpp, line 1074]
Event: 2.243 Thread 0x000001f2b8cc65e0 Exception <a 'java/lang/NoSuchMethodError'{0x00000000882ae1c0}: 'java.lang.Object java.lang.invoke.DirectMethodHandle$Holder.newInvokeSpecial(java.lang.Object, java.lang.Object, int, java.lang.Object)'> (0x00000000882ae1c0) 
thrown [s\open\src\hotspot\share\interpreter\linkResolver.cpp, line 805]

VM Operations (8 events):
Event: 1.439 Executing VM operation: HandshakeAllThreads (Deoptimize)
Event: 1.439 Executing VM operation: HandshakeAllThreads (Deoptimize) done
Event: 1.440 Executing VM operation: HandshakeAllThreads (Deoptimize)
Event: 1.440 Executing VM operation: HandshakeAllThreads (Deoptimize) done
Event: 2.216 Executing VM operation: HandshakeAllThreads (Deoptimize)
Event: 2.216 Executing VM operation: HandshakeAllThreads (Deoptimize) done
Event: 2.249 Executing VM operation: HandshakeAllThreads (Deoptimize)
Event: 2.249 Executing VM operation: HandshakeAllThreads (Deoptimize) done

Memory protections (0 events):
No events

Nmethod flushes (0 events):
No events

Events (18 events):
Event: 0.053 Thread 0x000001f2b8cc65e0 Thread added: 0x000001f2b8cc65e0
Event: 0.078 Thread 0x000001f2b8cc65e0 Thread added: 0x000001f2d7e177d0
Event: 0.078 Thread 0x000001f2b8cc65e0 Thread added: 0x000001f2d7e183d0
Event: 0.079 Thread 0x000001f2b8cc65e0 Thread added: 0x000001f2d7e1c7f0
Event: 0.079 Thread 0x000001f2b8cc65e0 Thread added: 0x000001f2d7e1d580
Event: 0.079 Thread 0x000001f2b8cc65e0 Thread added: 0x000001f2d7e22b70
Event: 0.079 Thread 0x000001f2b8cc65e0 Thread added: 0x000001f2d7e236a0
Event: 0.079 Thread 0x000001f2b8cc65e0 Thread added: 0x000001f2d7e20aa0
Event: 0.079 Thread 0x000001f2b8cc65e0 Thread added: 0x000001f2d7e21620
Event: 0.190 Thread 0x000001f2b8cc65e0 Thread added: 0x000001f31d06b870
Event: 0.518 Thread 0x000001f2d7e21620 Thread added: 0x000001f31d077680
Event: 1.285 Thread 0x000001f31d077680 Thread exited: 0x000001f31d077680
Event: 1.450 Thread 0x000001f2d7e21620 Thread added: 0x000001f31d076df0
Event: 1.539 Thread 0x000001f2b8cc65e0 Thread added: 0x000001f31d170e50
Event: 1.539 Thread 0x000001f2b8cc65e0 Thread added: 0x000001f31d421450
Event: 2.049 Thread 0x000001f2b8cc65e0 Thread added: 0x000001f31d9890b0
Event: 2.239 Thread 0x000001f2b8cc65e0 Thread added: 0x000001f31d93ab10
Event: 2.245 Thread 0x000001f2b8cc65e0 Thread added: 0x000001f31db4f080


Dynamic libraries:
0x00007ff668c80000 - 0x00007ff668c8e000 	C:\Users\USER\.jdks\openjdk-24\bin\java.exe
0x00007ff9e1190000 - 0x00007ff9e13a7000 	C:\WINDOWS\SYSTEM32\ntdll.dll
0x00007ff9e03c0000 - 0x00007ff9e0484000 	C:\WINDOWS\System32\KERNEL32.DLL
0x00007ff9de660000 - 0x00007ff9dea33000 	C:\WINDOWS\System32\KERNELBASE.dll
0x00007ff9dec50000 - 0x00007ff9ded61000 	C:\WINDOWS\System32\ucrtbase.dll
0x00007ff9da790000 - 0x00007ff9da7a6000 	C:\Users\USER\.jdks\openjdk-24\bin\jli.dll
0x00007ff9c9c20000 - 0x00007ff9c9c3b000 	C:\Users\USER\.jdks\openjdk-24\bin\VCRUNTIME140.dll
0x00007ff9dff90000 - 0x00007ff9e0141000 	C:\WINDOWS\System32\USER32.dll
0x00007ff9dea40000 - 0x00007ff9dea66000 	C:\WINDOWS\System32\win32u.dll
0x00007ff9d3c50000 - 0x00007ff9d3ee8000 	C:\WINDOWS\WinSxS\amd64_microsoft.windows.common-controls_6595b64144ccf1df_6.0.22621.5124_none_270e8f4f7386d69d\COMCTL32.dll
0x00007ff9df420000 - 0x00007ff9df449000 	C:\WINDOWS\System32\GDI32.dll
0x00007ff9df450000 - 0x00007ff9df4f7000 	C:\WINDOWS\System32\msvcrt.dll
0x00007ff9de350000 - 0x00007ff9de46b000 	C:\WINDOWS\System32\gdi32full.dll
0x00007ff9debb0000 - 0x00007ff9dec4a000 	C:\WINDOWS\System32\msvcp_win.dll
0x00007ff9e0b80000 - 0x00007ff9e0bb1000 	C:\WINDOWS\System32\IMM32.DLL
0x00007ff9c9be0000 - 0x00007ff9c9bec000 	C:\Users\USER\.jdks\openjdk-24\bin\vcruntime140_1.dll
0x00007ff9913e0000 - 0x00007ff99146e000 	C:\Users\USER\.jdks\openjdk-24\bin\msvcp140.dll
0x00007ff985020000 - 0x00007ff985dc2000 	C:\Users\USER\.jdks\openjdk-24\bin\server\jvm.dll
0x00007ff9e0150000 - 0x00007ff9e0201000 	C:\WINDOWS\System32\ADVAPI32.dll
0x00007ff9e0880000 - 0x00007ff9e0928000 	C:\WINDOWS\System32\sechost.dll
0x00007ff9de320000 - 0x00007ff9de348000 	C:\WINDOWS\System32\bcrypt.dll
0x00007ff9dee30000 - 0x00007ff9def44000 	C:\WINDOWS\System32\RPCRT4.dll
0x00007ff9e0f50000 - 0x00007ff9e0fc1000 	C:\WINDOWS\System32\WS2_32.dll
0x00007ff9de170000 - 0x00007ff9de1bd000 	C:\WINDOWS\SYSTEM32\POWRPROF.dll
0x00007ff9d9b80000 - 0x00007ff9d9bb4000 	C:\WINDOWS\SYSTEM32\WINMM.dll
0x00007ff9d8580000 - 0x00007ff9d858a000 	C:\WINDOWS\SYSTEM32\VERSION.dll
0x00007ff9de150000 - 0x00007ff9de163000 	C:\WINDOWS\SYSTEM32\UMPDC.dll
0x00007ff9dd2b0000 - 0x00007ff9dd2c8000 	C:\WINDOWS\SYSTEM32\kernel.appcore.dll
0x00007ff9c9bd0000 - 0x00007ff9c9bda000 	C:\Users\USER\.jdks\openjdk-24\bin\jimage.dll
0x00007ff9dbce0000 - 0x00007ff9dbf12000 	C:\WINDOWS\SYSTEM32\DBGHELP.DLL
0x00007ff9e04d0000 - 0x00007ff9e0862000 	C:\WINDOWS\System32\combase.dll
0x00007ff9df500000 - 0x00007ff9df5d7000 	C:\WINDOWS\System32\OLEAUT32.dll
0x00007ff9c48a0000 - 0x00007ff9c48d2000 	C:\WINDOWS\SYSTEM32\dbgcore.DLL
0x00007ff9de2a0000 - 0x00007ff9de31b000 	C:\WINDOWS\System32\bcryptPrimitives.dll
0x00007ff9c0ec0000 - 0x00007ff9c0ecf000 	C:\Users\USER\.jdks\openjdk-24\bin\instrument.dll
0x00007ff9c63a0000 - 0x00007ff9c63be000 	C:\Users\USER\.jdks\openjdk-24\bin\java.dll
0x00007ff9e0210000 - 0x00007ff9e03b1000 	C:\WINDOWS\System32\ole32.dll
0x00007ff9df6f0000 - 0x00007ff9dff86000 	C:\WINDOWS\System32\SHELL32.dll
0x00007ff9dea70000 - 0x00007ff9debaf000 	C:\WINDOWS\System32\wintypes.dll
0x00007ff9dc1a0000 - 0x00007ff9dcaba000 	C:\WINDOWS\SYSTEM32\windows.storage.dll
0x00007ff9df5e0000 - 0x00007ff9df6ea000 	C:\WINDOWS\System32\SHCORE.dll
0x00007ff9e10e0000 - 0x00007ff9e1143000 	C:\WINDOWS\System32\shlwapi.dll
0x00007ff9de1d0000 - 0x00007ff9de1fb000 	C:\WINDOWS\SYSTEM32\profapi.dll
0x00007ff98c900000 - 0x00007ff98c9d7000 	C:\Users\USER\.jdks\openjdk-24\bin\jsvml.dll
0x00007ff9c70c0000 - 0x00007ff9c70d0000 	C:\Users\USER\.jdks\openjdk-24\bin\net.dll
0x00007ff9dd730000 - 0x00007ff9dd79a000 	C:\WINDOWS\system32\mswsock.dll
0x00007ff9c6380000 - 0x00007ff9c6396000 	C:\Users\USER\.jdks\openjdk-24\bin\nio.dll
0x00007ff9c2a20000 - 0x00007ff9c2a37000 	C:\Users\USER\.jdks\openjdk-24\bin\zip.dll
0x00007ff9bcd30000 - 0x00007ff9bcd4a000 	C:\Program Files\JetBrains\IntelliJ IDEA 2024.2.1\bin\breakgen64.dll
0x00007ff9c2af0000 - 0x00007ff9c2af9000 	C:\Users\USER\.jdks\openjdk-24\bin\extnet.dll
0x000001f2d7e90000 - 0x000001f2d7e94000 	C:\Users\USER\.jdks\openjdk-24\bin\api-ms-win-core-console-l1-1-0.dll
0x000001f2d7ea0000 - 0x000001f2d7ea4000 	C:\Users\USER\.jdks\openjdk-24\bin\api-ms-win-core-console-l1-2-0.dll
0x000001f2d7eb0000 - 0x000001f2d7eb4000 	C:\Users\USER\.jdks\openjdk-24\bin\api-ms-win-core-datetime-l1-1-0.dll
0x000001f2d7ff0000 - 0x000001f2d7ff4000 	C:\Users\USER\.jdks\openjdk-24\bin\api-ms-win-core-debug-l1-1-0.dll
0x000001f2d7ec0000 - 0x000001f2d7ec4000 	C:\Users\USER\.jdks\openjdk-24\bin\api-ms-win-core-errorhandling-l1-1-0.dll
0x000001f2d7ed0000 - 0x000001f2d7ed5000 	C:\Users\USER\.jdks\openjdk-24\bin\api-ms-win-core-file-l1-1-0.dll
0x000001f31dc00000 - 0x000001f31dc04000 	C:\Users\USER\.jdks\openjdk-24\bin\api-ms-win-core-file-l1-2-0.dll
0x000001f31dc10000 - 0x000001f31dc14000 	C:\Users\USER\.jdks\openjdk-24\bin\api-ms-win-core-file-l2-1-0.dll
0x000001f31dc20000 - 0x000001f31dc24000 	C:\Users\USER\.jdks\openjdk-24\bin\api-ms-win-core-handle-l1-1-0.dll
0x000001f31dc30000 - 0x000001f31dc34000 	C:\Users\USER\.jdks\openjdk-24\bin\api-ms-win-core-heap-l1-1-0.dll
0x000001f31dc40000 - 0x000001f31dc44000 	C:\Users\USER\.jdks\openjdk-24\bin\api-ms-win-core-interlocked-l1-1-0.dll
0x000001f31dc50000 - 0x000001f31dc54000 	C:\Users\USER\.jdks\openjdk-24\bin\api-ms-win-core-libraryloader-l1-1-0.dll
0x000001f31dc60000 - 0x000001f31dc64000 	C:\Users\USER\.jdks\openjdk-24\bin\api-ms-win-core-localization-l1-2-0.dll
0x000001f31dc70000 - 0x000001f31dc74000 	C:\Users\USER\.jdks\openjdk-24\bin\api-ms-win-core-memory-l1-1-0.dll
0x000001f2d7f00000 - 0x000001f2d7f04000 	C:\Users\USER\.jdks\openjdk-24\bin\api-ms-win-core-namedpipe-l1-1-0.dll
0x000001f2d7ee0000 - 0x000001f2d7ee4000 	C:\Users\USER\.jdks\openjdk-24\bin\api-ms-win-core-processenvironment-l1-1-0.dll
0x000001f2d7ef0000 - 0x000001f2d7ef4000 	C:\Users\USER\.jdks\openjdk-24\bin\api-ms-win-core-processthreads-l1-1-0.dll
0x000001f2d7f10000 - 0x000001f2d7f14000 	C:\Users\USER\.jdks\openjdk-24\bin\api-ms-win-core-processthreads-l1-1-1.dll
0x000001f2d7f20000 - 0x000001f2d7f24000 	C:\Users\USER\.jdks\openjdk-24\bin\api-ms-win-core-profile-l1-1-0.dll
0x000001f2d7f30000 - 0x000001f2d7f34000 	C:\Users\USER\.jdks\openjdk-24\bin\api-ms-win-core-rtlsupport-l1-1-0.dll
0x00007ff9dcd90000 - 0x00007ff9dce92000 	C:\WINDOWS\SYSTEM32\DNSAPI.dll
0x00007ff9dcd20000 - 0x00007ff9dcd4d000 	C:\WINDOWS\SYSTEM32\IPHLPAPI.DLL
0x00007ff9e0870000 - 0x00007ff9e0879000 	C:\WINDOWS\System32\NSI.dll
0x00007ff9d68b0000 - 0x00007ff9d68ba000 	C:\Windows\System32\rasadhlp.dll
0x000001f2d7f40000 - 0x000001f2d7f44000 	C:\Users\USER\.jdks\openjdk-24\bin\api-ms-win-core-string-l1-1-0.dll
0x00007ff9d6640000 - 0x00007ff9d66c3000 	C:\WINDOWS\System32\fwpuclnt.dll
0x000001f2d7f50000 - 0x000001f2d7f54000 	C:\Users\USER\.jdks\openjdk-24\bin\api-ms-win-core-synch-l1-1-0.dll
0x000001f2d7f60000 - 0x000001f2d7f64000 	C:\Users\USER\.jdks\openjdk-24\bin\api-ms-win-core-synch-l1-2-0.dll
0x000001f2d7f70000 - 0x000001f2d7f74000 	C:\Users\USER\.jdks\openjdk-24\bin\api-ms-win-core-sysinfo-l1-1-0.dll
0x000001f2d7f80000 - 0x000001f2d7f84000 	C:\Users\USER\.jdks\openjdk-24\bin\api-ms-win-core-timezone-l1-1-0.dll
0x000001f2d7f90000 - 0x000001f2d7f94000 	C:\Users\USER\.jdks\openjdk-24\bin\api-ms-win-core-util-l1-1-0.dll
0x00007ff9be7b0000 - 0x00007ff9be7ba000 	C:\Users\USER\.jdks\openjdk-24\bin\management.dll
0x000001f2d7fa0000 - 0x000001f2d7fa4000 	C:\Users\USER\.jdks\openjdk-24\bin\api-ms-win-crt-conio-l1-1-0.dll
0x000001f2d7fb0000 - 0x000001f2d7fb5000 	C:\Users\USER\.jdks\openjdk-24\bin\api-ms-win-crt-convert-l1-1-0.dll
0x000001f2d7fc0000 - 0x000001f2d7fc4000 	C:\Users\USER\.jdks\openjdk-24\bin\api-ms-win-crt-environment-l1-1-0.dll
0x000001f2d7fd0000 - 0x000001f2d7fd4000 	C:\Users\USER\.jdks\openjdk-24\bin\api-ms-win-crt-filesystem-l1-1-0.dll
0x000001f2d7fe0000 - 0x000001f2d7fe4000 	C:\Users\USER\.jdks\openjdk-24\bin\api-ms-win-crt-heap-l1-1-0.dll
0x000001f31e0d0000 - 0x000001f31e0d4000 	C:\Users\USER\.jdks\openjdk-24\bin\api-ms-win-crt-locale-l1-1-0.dll
0x00007ff9bd2d0000 - 0x00007ff9bd2db000 	C:\Users\USER\.jdks\openjdk-24\bin\management_ext.dll
0x00007ff9e0490000 - 0x00007ff9e0498000 	C:\WINDOWS\System32\PSAPI.DLL
0x000001f31e0e0000 - 0x000001f31e0e6000 	C:\Users\USER\.jdks\openjdk-24\bin\api-ms-win-crt-math-l1-1-0.dll
0x000001f31e0f0000 - 0x000001f31e0f6000 	C:\Users\USER\.jdks\openjdk-24\bin\api-ms-win-crt-multibyte-l1-1-0.dll
0x000001f31e100000 - 0x000001f31e111000 	C:\Users\USER\.jdks\openjdk-24\bin\api-ms-win-crt-private-l1-1-0.dll
0x000001f31e120000 - 0x000001f31e124000 	C:\Users\USER\.jdks\openjdk-24\bin\api-ms-win-crt-process-l1-1-0.dll
0x000001f31e130000 - 0x000001f31e135000 	C:\Users\USER\.jdks\openjdk-24\bin\api-ms-win-crt-runtime-l1-1-0.dll
0x000001f31e140000 - 0x000001f31e145000 	C:\Users\USER\.jdks\openjdk-24\bin\api-ms-win-crt-stdio-l1-1-0.dll
0x000001f31e150000 - 0x000001f31e155000 	C:\Users\USER\.jdks\openjdk-24\bin\api-ms-win-crt-string-l1-1-0.dll
0x000001f31e160000 - 0x000001f31e164000 	C:\Users\USER\.jdks\openjdk-24\bin\api-ms-win-crt-time-l1-1-0.dll
0x000001f31e170000 - 0x000001f31e174000 	C:\Users\USER\.jdks\openjdk-24\bin\api-ms-win-crt-utility-l1-1-0.dll
0x00007ff98c7e0000 - 0x00007ff98c8f1000 	C:\Users\USER\.jdks\openjdk-24\bin\ucrtbase.dll
0x00007ff9bd060000 - 0x00007ff9bd069000 	C:\Windows\System32\msvcp140_1.dll
0x00007ff9b73f0000 - 0x00007ff9b741f000 	C:\Windows\System32\msvcp140_2.dll
0x00007ff9b3960000 - 0x00007ff9b398c000 	C:\Program Files\Zulu\zulu-17\bin\prism_d3d.dll
0x00007ff9ce050000 - 0x00007ff9ce1f8000 	C:\WINDOWS\system32\d3d9.dll
0x00007ff9db940000 - 0x00007ff9db96e000 	C:\WINDOWS\SYSTEM32\dwmapi.dll
0x00007ff9db600000 - 0x00007ff9db637000 	C:\WINDOWS\SYSTEM32\dxcore.dll
0x00007ff9db4f0000 - 0x00007ff9db5a3000 	C:\WINDOWS\system32\uxtheme.dll
0x00007ff979ef0000 - 0x00007ff97a0b2000 	C:\WINDOWS\System32\DriverStore\FileRepository\iigd_dch.inf_amd64_74dc8483545826b6\igdumdim64.dll
0x00007ff9d1510000 - 0x00007ff9d162a000 	C:\WINDOWS\System32\DriverStore\FileRepository\iigd_dch.inf_amd64_74dc8483545826b6\igdgmm64.dll
0x00007ff97c730000 - 0x00007ff98015d000 	C:\WINDOWS\System32\DriverStore\FileRepository\iigd_dch.inf_amd64_74dc8483545826b6\igd9dxva64.dll
0x00007ff9d65f0000 - 0x00007ff9d6639000 	C:\WINDOWS\SYSTEM32\directxdatabasehelper.dll
0x00007ff9baa30000 - 0x00007ff9baa42000 	C:\Program Files\Zulu\zulu-17\bin\prism_sw.dll
0x00007ff993d30000 - 0x00007ff993d72000 	C:\Program Files\Zulu\zulu-17\bin\glass.dll
0x00007ff9e0e40000 - 0x00007ff9e0f43000 	C:\WINDOWS\System32\COMDLG32.dll
0x00007ff9e0bc0000 - 0x00007ff9e0d20000 	C:\WINDOWS\System32\MSCTF.dll
0x00007ff9dd980000 - 0x00007ff9dd99b000 	C:\WINDOWS\SYSTEM32\CRYPTSP.dll
0x00007ff9dd210000 - 0x00007ff9dd247000 	C:\WINDOWS\system32\rsaenh.dll
0x00007ff9dd820000 - 0x00007ff9dd848000 	C:\WINDOWS\SYSTEM32\USERENV.dll
0x00007ff9ddb30000 - 0x00007ff9ddb3c000 	C:\WINDOWS\SYSTEM32\CRYPTBASE.dll
0x00007ff9b0ec0000 - 0x00007ff9b0ed7000 	C:\WINDOWS\system32\napinsp.dll
0x00007ff9b0910000 - 0x00007ff9b092b000 	C:\WINDOWS\system32\pnrpnsp.dll
0x00007ff9b0710000 - 0x00007ff9b0721000 	C:\WINDOWS\System32\winrnr.dll
0x00007ff9b06f0000 - 0x00007ff9b0705000 	C:\WINDOWS\system32\wshbth.dll
0x00007ff9b06c0000 - 0x00007ff9b06e7000 	C:\WINDOWS\system32\nlansp_c.dll

dbghelp: loaded successfully - version: 4.0.5 - missing functions: none
symbol engine: initialized successfully - sym options: 0x614 - pdb path: .;C:\Users\USER\.jdks\openjdk-24\bin;C:\WINDOWS\SYSTEM32;C:\WINDOWS\WinSxS\amd64_microsoft.windows.common-controls_6595b64144ccf1df_6.0.22621.5124_none_270e8f4f7386d69d;C:\Users\USER\.jdks\openjdk-24\bin\server;C:\Program Files\JetBrains\IntelliJ IDEA 2024.2.1\bin;C:\Program Files\Zulu\zulu-17\bin;C:\WINDOWS\System32\DriverStore\FileRepository\iigd_dch.inf_amd64_74dc8483545826b6;C:\WINDOWS\System32\DriverStore\FileRepository\nvam.inf_amd64_37f28daaff36deca

VM Arguments:
jvm_args: --module-path=C:\javafx-sdk-20.0.2\lib --add-modules=javafx.controls,javafx.fxml,javafx.graphics --add-opens=javafx.graphics/javafx.scene=ALL-UNNAMED --enable-native-access=ALL-UNNAMED -javaagent:C:\Program Files\JetBrains\IntelliJ IDEA 2024.2.1\lib\idea_rt.jar=63817:C:\Program Files\JetBrains\IntelliJ IDEA 2024.2.1\bin -Dfile.encoding=UTF-8 -Dsun.stdout.encoding=UTF-8 -Dsun.stderr.encoding=UTF-8 
java_command: Controllers.Home
java_class_path (initial): C:\Users\USER\Desktop\3 eme\Project\javaGame\target\classes;C:\Users\USER\.m2\repository\com\mysql\mysql-connector-j\8.0.33\mysql-connector-j-8.0.33.jar;C:\Users\USER\.m2\repository\com\google\protobuf\protobuf-java\3.21.9\protobuf-java-3.21.9.jar;C:\Users\USER\.m2\repository\org\openjfx\javafx-base\20.0.2\javafx-base-20.0.2.jar;C:\Users\USER\.m2\repository\org\openjfx\javafx-base\20.0.2\javafx-base-20.0.2-win.jar;C:\Users\USER\.m2\repository\org\openjfx\javafx-graphics\20.0.2\javafx-graphics-20.0.2.jar;C:\Users\USER\.m2\repository\org\openjfx\javafx-graphics\20.0.2\javafx-graphics-20.0.2-win.jar;C:\Users\USER\.m2\repository\org\openjfx\javafx-controls\20.0.2\javafx-controls-20.0.2.jar;C:\Users\USER\.m2\repository\org\openjfx\javafx-controls\20.0.2\javafx-controls-20.0.2-win.jar;C:\Users\USER\.m2\repository\org\openjfx\javafx-fxml\20.0.2\javafx-fxml-20.0.2.jar;C:\Users\USER\.m2\repository\org\openjfx\javafx-fxml\20.0.2\javafx-fxml-20.0.2-win.jar
Launcher Type: SUN_STANDARD

[Global flags]
     intx CICompilerCount                          = 4                                         {product} {ergonomic}
     uint ConcGCThreads                            = 2                                         {product} {ergonomic}
     uint G1ConcRefinementThreads                  = 8                                         {product} {ergonomic}
   size_t G1HeapRegionSize                         = 1048576                                   {product} {ergonomic}
   size_t InitialHeapSize                          = 132120576                                 {product} {ergonomic}
   size_t MarkStackSize                            = 4194304                                   {product} {ergonomic}
   size_t MarkStackSizeMax                         = 536870912                                 {product} {ergonomic}
   size_t MaxHeapSize                              = 2109734912                                {product} {ergonomic}
   size_t MaxNewSize                               = 1265631232                                {product} {ergonomic}
   size_t MinHeapDeltaBytes                        = 1048576                                   {product} {ergonomic}
   size_t MinHeapSize                              = 8388608                                   {product} {ergonomic}
    uintx NonNMethodCodeHeapSize                   = 5832704                                {pd product} {ergonomic}
    uintx NonProfiledCodeHeapSize                  = 122945536                              {pd product} {ergonomic}
    uintx ProfiledCodeHeapSize                     = 122880000                              {pd product} {ergonomic}
    uintx ReservedCodeCacheSize                    = 251658240                              {pd product} {ergonomic}
     bool SegmentedCodeCache                       = true                                      {product} {ergonomic}
   size_t SoftMaxHeapSize                          = 2109734912                             {manageable} {ergonomic}
     bool UseCompressedOops                        = true                           {product lp64_product} {ergonomic}
     bool UseG1GC                                  = true                                      {product} {ergonomic}
     bool UseLargePagesIndividualAllocation        = false                                  {pd product} {ergonomic}

Logging:
Log output configuration:
 #0: stdout all=warning uptime,level,tags foldmultilines=false
 #1: stderr all=off uptime,level,tags foldmultilines=false

Environment Variables:
JAVA_HOME=C:\Program Files\Java\jre1.8.0_301
PATH=C:\Program Files\Zulu\zulu-17\bin\;C:\xampp\php;C:\ProgramData\ComposerSetup\bin;C:\Windows\System32;C:\Users\USER\.jdks\jbr-17.0.12;C:\Program Files\nodejs\;C:\Program Files (x86)\Yarn\bin;C:\Users\USER\scoop\shims;C:\Users\USER\AppData\Local\Microsoft\WindowsApps;;C:\Program Files\JetBrains\PyCharm 2021.2\bin;;C:\Program Files\JetBrains\PyCharm Community Edition 2021.2\bin;;C:\Users\USER\AppData\Local\Programs\Microsoft VS Code\bin;C:\Users\USER\AppData\Roaming\Composer\vendor\bin;C:\Users\USER\AppData\Roaming\npm
USERNAME=USER
OS=Windows_NT
PROCESSOR_IDENTIFIER=Intel64 Family 6 Model 158 Stepping 10, GenuineIntel
TMP=C:\Users\USER\AppData\Local\Temp
TEMP=C:\Users\USER\AppData\Local\Temp




Periodic native trim disabled

---------------  S Y S T E M  ---------------

OS:
 Windows 11 , 64 bit Build 22621 (10.0.22621.5124)
OS uptime: 0 days 10:22 hours

CPU: total 8 (initial active 8) (4 cores per cpu, 2 threads per core) family 6 model 158 stepping 10 microcode 0xde, cx8, cmov, fxsr, ht, mmx, 3dnowpref, sse, sse2, sse3, ssse3, sse4.1, sse4.2, popcnt, lzcnt, tsc, tscinvbit, avx, avx2, aes, erms, clmul, bmi1, bmi2, adx, fma, vzeroupper, clflush, clflushopt, rdtscp, f16c
Processor Information for the first 8 processors :
  Max Mhz: 2400, Current Mhz: 2200, Mhz Limit: 2400

Memory: 4k page, system-wide physical 8044M (496M free)
TotalPageFile size 16971M (AvailPageFile size 2137M)
current process WorkingSet (physical memory assigned to process): 99M, peak: 99M
current process commit charge ("private bytes"): 238M, peak: 241M

vm_info: OpenJDK 64-Bit Server VM (24+36-3646) for windows-amd64 JRE (24+36-3646), built on 2025-02-06T00:20:43Z with MS VC++ 17.6 (VS2022)

END.
